
Memory Configuration

Name             Origin             Length             Attributes
SRAM             0x0000000020000000 0x0000000000005000 xrw
STACK            0x0000000020001ffc 0x0000000000000000 xrw
FLASH            0x0000000000000000 0x0000000000010000 xr
*default*        0x0000000000000000 0xffffffffffffffff

Linker script and memory map

LOAD Objects/startup.o
LOAD Objects/Initialize.o
LOAD Objects/main.o
                0x0000000000000000                . = ORIGIN (FLASH)

.vectors        0x0000000000000000      0x134
 *(.isr_vector)
 .isr_vector    0x0000000000000000      0x134 Objects/startup.o
                0x0000000000000000                g_pfnVectors

.text           0x0000000000000134       0x49
 *(.text)
 .text          0x0000000000000134       0x14 Objects/startup.o
 .text          0x0000000000000148       0x28 Objects/Initialize.o
                0x0000000000000148                SystemInit
 .text          0x0000000000000170        0x0 Objects/main.o
 *(.rodata)
 *(.rodata*)
 .rodata.str1.1
                0x0000000000000170        0xd Objects/main.o

.glue_7         0x0000000000000180        0x0
 .glue_7        0x0000000000000000        0x0 linker stubs

.glue_7t        0x0000000000000180        0x0
 .glue_7t       0x0000000000000000        0x0 linker stubs

.vfp11_veneer   0x0000000000000180        0x0
 .vfp11_veneer  0x0000000000000000        0x0 linker stubs

.v4_bx          0x0000000000000180        0x0
 .v4_bx         0x0000000000000000        0x0 linker stubs

.text.Reset_Handler
                0x0000000000000180       0x4c
 .text.Reset_Handler
                0x0000000000000180       0x4c Objects/startup.o
                0x0000000000000180                Reset_Handler

.text.Default_Handler
                0x00000000000001cc        0x4
 .text.Default_Handler
                0x00000000000001cc        0x4 Objects/startup.o
                0x00000000000001cc                TIM1_BRK_TIM15_IRQHandler
                0x00000000000001cc                DebugMon_Handler
                0x00000000000001cc                TIM1_CC_IRQHandler
                0x00000000000001cc                HardFault_Handler
                0x00000000000001cc                SysTick_Handler
                0x00000000000001cc                PVD_IRQHandler
                0x00000000000001cc                PendSV_Handler
                0x00000000000001cc                NMI_Handler
                0x00000000000001cc                EXTI3_IRQHandler
                0x00000000000001cc                EXTI0_IRQHandler
                0x00000000000001cc                I2C2_EV_IRQHandler
                0x00000000000001cc                TIM1_UP_TIM16_IRQHandler
                0x00000000000001cc                UsageFault_Handler
                0x00000000000001cc                SPI1_IRQHandler
                0x00000000000001cc                TAMPER_IRQHandler
                0x00000000000001cc                TIM6_DAC_IRQHandler
                0x00000000000001cc                DMA2_Channel2_IRQHandler
                0x00000000000001cc                DMA1_Channel4_IRQHandler
                0x00000000000001cc                ADC1_IRQHandler
                0x00000000000001cc                USART3_IRQHandler
                0x00000000000001cc                RTC_IRQHandler
                0x00000000000001cc                DMA1_Channel7_IRQHandler
                0x00000000000001cc                UART5_IRQHandler
                0x00000000000001cc                TIM4_IRQHandler
                0x00000000000001cc                DMA2_Channel1_IRQHandler
                0x00000000000001cc                I2C1_EV_IRQHandler
                0x00000000000001cc                DMA1_Channel6_IRQHandler
                0x00000000000001cc                UART4_IRQHandler
                0x00000000000001cc                DMA2_Channel4_IRQHandler
                0x00000000000001cc                TIM3_IRQHandler
                0x00000000000001cc                RCC_IRQHandler
                0x00000000000001cc                DMA1_Channel1_IRQHandler
                0x00000000000001cc                Default_Handler
                0x00000000000001cc                CEC_IRQHandler
                0x00000000000001cc                EXTI15_10_IRQHandler
                0x00000000000001cc                TIM14_IRQHandler
                0x00000000000001cc                TIM13_IRQHandler
                0x00000000000001cc                TIM12_IRQHandler
                0x00000000000001cc                TIM7_IRQHandler
                0x00000000000001cc                TIM5_IRQHandler
                0x00000000000001cc                EXTI9_5_IRQHandler
                0x00000000000001cc                SPI2_IRQHandler
                0x00000000000001cc                MemManage_Handler
                0x00000000000001cc                SVC_Handler
                0x00000000000001cc                DMA2_Channel5_IRQHandler
                0x00000000000001cc                DMA1_Channel5_IRQHandler
                0x00000000000001cc                EXTI4_IRQHandler
                0x00000000000001cc                TIM1_TRG_COM_TIM17_IRQHandler
                0x00000000000001cc                DMA1_Channel3_IRQHandler
                0x00000000000001cc                FSMC_IRQHandler
                0x00000000000001cc                WWDG_IRQHandler
                0x00000000000001cc                TIM2_IRQHandler
                0x00000000000001cc                EXTI1_IRQHandler
                0x00000000000001cc                RTCAlarm_IRQHandler
                0x00000000000001cc                USART2_IRQHandler
                0x00000000000001cc                I2C2_ER_IRQHandler
                0x00000000000001cc                DMA1_Channel2_IRQHandler
                0x00000000000001cc                FLASH_IRQHandler
                0x00000000000001cc                BusFault_Handler
                0x00000000000001cc                USART1_IRQHandler
                0x00000000000001cc                SPI3_IRQHandler
                0x00000000000001cc                I2C1_ER_IRQHandler
                0x00000000000001cc                DMA2_Channel3_IRQHandler
                0x00000000000001cc                EXTI2_IRQHandler

.iplt           0x00000000000001d0        0x0
 .iplt          0x0000000000000000        0x0 Objects/startup.o

.text.startup   0x00000000000001d0       0x58
 .text.startup  0x00000000000001d0       0x58 Objects/main.o
                0x00000000000001d0                main

.rel.dyn        0x0000000000000228        0x0
 .rel.iplt      0x0000000000000000        0x0 Objects/startup.o

.data           0x0000000020000000        0x0 load address 0x0000000000000228
                0x0000000020000000                _start_data = .
 *(.data)
 .data          0x0000000020000000        0x0 Objects/startup.o
 .data          0x0000000020000000        0x0 Objects/Initialize.o
 .data          0x0000000020000000        0x0 Objects/main.o
                0x0000000020000000                _end_data = .
                0x0000000000000228                _start_data_flash = LOADADDR (.data)

.igot.plt       0x0000000020000000        0x0 load address 0x0000000000000228
 .igot.plt      0x0000000000000000        0x0 Objects/startup.o
                0x0000000020000000                . = ALIGN (0x4)

.bss            0x0000000020000000        0x0 load address 0x0000000000000228
                0x0000000020000000                _start_bss = .
 *(.bss)
 .bss           0x0000000020000000        0x0 Objects/startup.o
 .bss           0x0000000020000000        0x0 Objects/Initialize.o
 .bss           0x0000000020000000        0x0 Objects/main.o
                0x0000000020000000                _end_bss = .
                0x0000000020000000                . = ALIGN (0x4)
                0x0000000020000000                _start_stack = .
                0x0000000020001ffc                _end_stack = ORIGIN (STACK)
                0x0000000020000000                _end = .
                0x0000000020000000                PROVIDE (end, .)
OUTPUT(STM32F100.elf elf32-littlearm)

.ARM.attributes
                0x0000000000000000       0x2f
 .ARM.attributes
                0x0000000000000000       0x21 Objects/startup.o
 .ARM.attributes
                0x0000000000000021       0x33 Objects/Initialize.o
 .ARM.attributes
                0x0000000000000054       0x33 Objects/main.o

.comment        0x0000000000000000       0x70
 .comment       0x0000000000000000       0x70 Objects/Initialize.o
                                         0x71 (size before relaxing)
 .comment       0x0000000000000000       0x71 Objects/main.o

.debug_info     0x0000000000000000      0x144
 .debug_info    0x0000000000000000       0x61 Objects/Initialize.o
 .debug_info    0x0000000000000061       0xe3 Objects/main.o

.debug_abbrev   0x0000000000000000      0x108
 .debug_abbrev  0x0000000000000000       0x5c Objects/Initialize.o
 .debug_abbrev  0x000000000000005c       0xac Objects/main.o

.debug_aranges  0x0000000000000000       0x40
 .debug_aranges
                0x0000000000000000       0x20 Objects/Initialize.o
 .debug_aranges
                0x0000000000000020       0x20 Objects/main.o

.debug_line     0x0000000000000000       0xe3
 .debug_line    0x0000000000000000       0x69 Objects/Initialize.o
 .debug_line    0x0000000000000069       0x7a Objects/main.o

.debug_str      0x0000000000000000      0x158
 .debug_str     0x0000000000000000       0xdc Objects/Initialize.o
                                         0xe9 (size before relaxing)
 .debug_str     0x00000000000000dc       0x7c Objects/main.o
                                        0x16c (size before relaxing)

.debug_frame    0x0000000000000000       0x50
 .debug_frame   0x0000000000000000       0x24 Objects/Initialize.o
 .debug_frame   0x0000000000000024       0x2c Objects/main.o

.debug_ranges   0x0000000000000000       0x10
 .debug_ranges  0x0000000000000000       0x10 Objects/main.o
