Archive member included because of file (symbol)

/Users/liamg/Documents/gcc-arm-none-eabi-4_8-2013q4/bin/../lib/gcc/arm-none-eabi/4.8.3/../../../../arm-none-eabi/lib/armv7-m/libc_s.a(lib_a-exit.o)
                              /Users/liamg/Documents/gcc-arm-none-eabi-4_8-2013q4/bin/../lib/gcc/arm-none-eabi/4.8.3/../../../../arm-none-eabi/lib/armv7-m/rdimon-crt0.o (exit)
/Users/liamg/Documents/gcc-arm-none-eabi-4_8-2013q4/bin/../lib/gcc/arm-none-eabi/4.8.3/../../../../arm-none-eabi/lib/armv7-m/libc_s.a(lib_a-impure.o)
                              /Users/liamg/Documents/gcc-arm-none-eabi-4_8-2013q4/bin/../lib/gcc/arm-none-eabi/4.8.3/../../../../arm-none-eabi/lib/armv7-m/libc_s.a(lib_a-exit.o) (_global_impure_ptr)
/Users/liamg/Documents/gcc-arm-none-eabi-4_8-2013q4/bin/../lib/gcc/arm-none-eabi/4.8.3/../../../../arm-none-eabi/lib/armv7-m/libc_s.a(lib_a-init.o)
                              /Users/liamg/Documents/gcc-arm-none-eabi-4_8-2013q4/bin/../lib/gcc/arm-none-eabi/4.8.3/../../../../arm-none-eabi/lib/armv7-m/rdimon-crt0.o (__libc_init_array)
/Users/liamg/Documents/gcc-arm-none-eabi-4_8-2013q4/bin/../lib/gcc/arm-none-eabi/4.8.3/../../../../arm-none-eabi/lib/armv7-m/libc_s.a(lib_a-memset.o)
                              /Users/liamg/Documents/gcc-arm-none-eabi-4_8-2013q4/bin/../lib/gcc/arm-none-eabi/4.8.3/../../../../arm-none-eabi/lib/armv7-m/rdimon-crt0.o (memset)
/Users/liamg/Documents/gcc-arm-none-eabi-4_8-2013q4/bin/../lib/gcc/arm-none-eabi/4.8.3/../../../../arm-none-eabi/lib/armv7-m/librdimon_s.a(rdimon-syscalls.o)
                              /Users/liamg/Documents/gcc-arm-none-eabi-4_8-2013q4/bin/../lib/gcc/arm-none-eabi/4.8.3/../../../../arm-none-eabi/lib/armv7-m/rdimon-crt0.o (initialise_monitor_handles)
/Users/liamg/Documents/gcc-arm-none-eabi-4_8-2013q4/bin/../lib/gcc/arm-none-eabi/4.8.3/../../../../arm-none-eabi/lib/armv7-m/librdimon_s.a(rdimon-_exit.o)
                              /Users/liamg/Documents/gcc-arm-none-eabi-4_8-2013q4/bin/../lib/gcc/arm-none-eabi/4.8.3/../../../../arm-none-eabi/lib/armv7-m/libc_s.a(lib_a-exit.o) (_exit)
/Users/liamg/Documents/gcc-arm-none-eabi-4_8-2013q4/bin/../lib/gcc/arm-none-eabi/4.8.3/../../../../arm-none-eabi/lib/armv7-m/librdimon_s.a(rdimon-_kill.o)
                              /Users/liamg/Documents/gcc-arm-none-eabi-4_8-2013q4/bin/../lib/gcc/arm-none-eabi/4.8.3/../../../../arm-none-eabi/lib/armv7-m/librdimon_s.a(rdimon-_exit.o) (_kill)
/Users/liamg/Documents/gcc-arm-none-eabi-4_8-2013q4/bin/../lib/gcc/arm-none-eabi/4.8.3/../../../../arm-none-eabi/lib/armv7-m/libg_s.a(lib_a-errno.o)
                              /Users/liamg/Documents/gcc-arm-none-eabi-4_8-2013q4/bin/../lib/gcc/arm-none-eabi/4.8.3/../../../../arm-none-eabi/lib/armv7-m/librdimon_s.a(rdimon-syscalls.o) (__errno)
/Users/liamg/Documents/gcc-arm-none-eabi-4_8-2013q4/bin/../lib/gcc/arm-none-eabi/4.8.3/../../../../arm-none-eabi/lib/armv7-m/libg_s.a(lib_a-findfp.o)
                              /Users/liamg/Documents/gcc-arm-none-eabi-4_8-2013q4/bin/../lib/gcc/arm-none-eabi/4.8.3/../../../../arm-none-eabi/lib/armv7-m/librdimon_s.a(rdimon-syscalls.o) (__sinit)
/Users/liamg/Documents/gcc-arm-none-eabi-4_8-2013q4/bin/../lib/gcc/arm-none-eabi/4.8.3/../../../../arm-none-eabi/lib/armv7-m/libg_s.a(lib_a-fwalk.o)
                              /Users/liamg/Documents/gcc-arm-none-eabi-4_8-2013q4/bin/../lib/gcc/arm-none-eabi/4.8.3/../../../../arm-none-eabi/lib/armv7-m/libg_s.a(lib_a-findfp.o) (_fwalk)
/Users/liamg/Documents/gcc-arm-none-eabi-4_8-2013q4/bin/../lib/gcc/arm-none-eabi/4.8.3/../../../../arm-none-eabi/lib/armv7-m/libg_s.a(lib_a-nano-mallocr.o)
                              /Users/liamg/Documents/gcc-arm-none-eabi-4_8-2013q4/bin/../lib/gcc/arm-none-eabi/4.8.3/../../../../arm-none-eabi/lib/armv7-m/libg_s.a(lib_a-findfp.o) (_malloc_r)
/Users/liamg/Documents/gcc-arm-none-eabi-4_8-2013q4/bin/../lib/gcc/arm-none-eabi/4.8.3/../../../../arm-none-eabi/lib/armv7-m/libg_s.a(lib_a-puts.o)
                              Objects/main.o (puts)
/Users/liamg/Documents/gcc-arm-none-eabi-4_8-2013q4/bin/../lib/gcc/arm-none-eabi/4.8.3/../../../../arm-none-eabi/lib/armv7-m/libg_s.a(lib_a-sbrkr.o)
                              /Users/liamg/Documents/gcc-arm-none-eabi-4_8-2013q4/bin/../lib/gcc/arm-none-eabi/4.8.3/../../../../arm-none-eabi/lib/armv7-m/libg_s.a(lib_a-nano-mallocr.o) (_sbrk_r)
/Users/liamg/Documents/gcc-arm-none-eabi-4_8-2013q4/bin/../lib/gcc/arm-none-eabi/4.8.3/../../../../arm-none-eabi/lib/armv7-m/libg_s.a(lib_a-stdio.o)
                              /Users/liamg/Documents/gcc-arm-none-eabi-4_8-2013q4/bin/../lib/gcc/arm-none-eabi/4.8.3/../../../../arm-none-eabi/lib/armv7-m/libg_s.a(lib_a-findfp.o) (__sread)
/Users/liamg/Documents/gcc-arm-none-eabi-4_8-2013q4/bin/../lib/gcc/arm-none-eabi/4.8.3/../../../../arm-none-eabi/lib/armv7-m/libg_s.a(lib_a-strlen.o)
                              /Users/liamg/Documents/gcc-arm-none-eabi-4_8-2013q4/bin/../lib/gcc/arm-none-eabi/4.8.3/../../../../arm-none-eabi/lib/armv7-m/librdimon_s.a(rdimon-syscalls.o) (strlen)
/Users/liamg/Documents/gcc-arm-none-eabi-4_8-2013q4/bin/../lib/gcc/arm-none-eabi/4.8.3/../../../../arm-none-eabi/lib/armv7-m/libg_s.a(lib_a-wbuf.o)
                              /Users/liamg/Documents/gcc-arm-none-eabi-4_8-2013q4/bin/../lib/gcc/arm-none-eabi/4.8.3/../../../../arm-none-eabi/lib/armv7-m/libg_s.a(lib_a-puts.o) (__swbuf_r)
/Users/liamg/Documents/gcc-arm-none-eabi-4_8-2013q4/bin/../lib/gcc/arm-none-eabi/4.8.3/../../../../arm-none-eabi/lib/armv7-m/libg_s.a(lib_a-writer.o)
                              /Users/liamg/Documents/gcc-arm-none-eabi-4_8-2013q4/bin/../lib/gcc/arm-none-eabi/4.8.3/../../../../arm-none-eabi/lib/armv7-m/libg_s.a(lib_a-stdio.o) (_write_r)
/Users/liamg/Documents/gcc-arm-none-eabi-4_8-2013q4/bin/../lib/gcc/arm-none-eabi/4.8.3/../../../../arm-none-eabi/lib/armv7-m/libg_s.a(lib_a-wsetup.o)
                              /Users/liamg/Documents/gcc-arm-none-eabi-4_8-2013q4/bin/../lib/gcc/arm-none-eabi/4.8.3/../../../../arm-none-eabi/lib/armv7-m/libg_s.a(lib_a-puts.o) (__swsetup_r)
/Users/liamg/Documents/gcc-arm-none-eabi-4_8-2013q4/bin/../lib/gcc/arm-none-eabi/4.8.3/../../../../arm-none-eabi/lib/armv7-m/libg_s.a(lib_a-closer.o)
                              /Users/liamg/Documents/gcc-arm-none-eabi-4_8-2013q4/bin/../lib/gcc/arm-none-eabi/4.8.3/../../../../arm-none-eabi/lib/armv7-m/libg_s.a(lib_a-stdio.o) (_close_r)
/Users/liamg/Documents/gcc-arm-none-eabi-4_8-2013q4/bin/../lib/gcc/arm-none-eabi/4.8.3/../../../../arm-none-eabi/lib/armv7-m/libg_s.a(lib_a-fflush.o)
                              /Users/liamg/Documents/gcc-arm-none-eabi-4_8-2013q4/bin/../lib/gcc/arm-none-eabi/4.8.3/../../../../arm-none-eabi/lib/armv7-m/libg_s.a(lib_a-findfp.o) (_fflush_r)
/Users/liamg/Documents/gcc-arm-none-eabi-4_8-2013q4/bin/../lib/gcc/arm-none-eabi/4.8.3/../../../../arm-none-eabi/lib/armv7-m/libg_s.a(lib_a-lseekr.o)
                              /Users/liamg/Documents/gcc-arm-none-eabi-4_8-2013q4/bin/../lib/gcc/arm-none-eabi/4.8.3/../../../../arm-none-eabi/lib/armv7-m/libg_s.a(lib_a-stdio.o) (_lseek_r)
/Users/liamg/Documents/gcc-arm-none-eabi-4_8-2013q4/bin/../lib/gcc/arm-none-eabi/4.8.3/../../../../arm-none-eabi/lib/armv7-m/libg_s.a(lib_a-makebuf.o)
                              /Users/liamg/Documents/gcc-arm-none-eabi-4_8-2013q4/bin/../lib/gcc/arm-none-eabi/4.8.3/../../../../arm-none-eabi/lib/armv7-m/libg_s.a(lib_a-wsetup.o) (__smakebuf_r)
/Users/liamg/Documents/gcc-arm-none-eabi-4_8-2013q4/bin/../lib/gcc/arm-none-eabi/4.8.3/../../../../arm-none-eabi/lib/armv7-m/libg_s.a(lib_a-nano-freer.o)
                              /Users/liamg/Documents/gcc-arm-none-eabi-4_8-2013q4/bin/../lib/gcc/arm-none-eabi/4.8.3/../../../../arm-none-eabi/lib/armv7-m/libg_s.a(lib_a-wsetup.o) (_free_r)
/Users/liamg/Documents/gcc-arm-none-eabi-4_8-2013q4/bin/../lib/gcc/arm-none-eabi/4.8.3/../../../../arm-none-eabi/lib/armv7-m/libg_s.a(lib_a-readr.o)
                              /Users/liamg/Documents/gcc-arm-none-eabi-4_8-2013q4/bin/../lib/gcc/arm-none-eabi/4.8.3/../../../../arm-none-eabi/lib/armv7-m/libg_s.a(lib_a-stdio.o) (_read_r)
/Users/liamg/Documents/gcc-arm-none-eabi-4_8-2013q4/bin/../lib/gcc/arm-none-eabi/4.8.3/../../../../arm-none-eabi/lib/armv7-m/libg_s.a(lib_a-reent.o)
                              /Users/liamg/Documents/gcc-arm-none-eabi-4_8-2013q4/bin/../lib/gcc/arm-none-eabi/4.8.3/../../../../arm-none-eabi/lib/armv7-m/libg_s.a(lib_a-sbrkr.o) (errno)
/Users/liamg/Documents/gcc-arm-none-eabi-4_8-2013q4/bin/../lib/gcc/arm-none-eabi/4.8.3/../../../../arm-none-eabi/lib/armv7-m/libg_s.a(lib_a-fstatr.o)
                              /Users/liamg/Documents/gcc-arm-none-eabi-4_8-2013q4/bin/../lib/gcc/arm-none-eabi/4.8.3/../../../../arm-none-eabi/lib/armv7-m/libg_s.a(lib_a-makebuf.o) (_fstat_r)
/Users/liamg/Documents/gcc-arm-none-eabi-4_8-2013q4/bin/../lib/gcc/arm-none-eabi/4.8.3/../../../../arm-none-eabi/lib/armv7-m/libg_s.a(lib_a-isattyr.o)
                              /Users/liamg/Documents/gcc-arm-none-eabi-4_8-2013q4/bin/../lib/gcc/arm-none-eabi/4.8.3/../../../../arm-none-eabi/lib/armv7-m/libg_s.a(lib_a-makebuf.o) (_isatty_r)

Allocating common symbols
Common symbol       size              file

errno               0x4               /Users/liamg/Documents/gcc-arm-none-eabi-4_8-2013q4/bin/../lib/gcc/arm-none-eabi/4.8.3/../../../../arm-none-eabi/lib/armv7-m/libg_s.a(lib_a-reent.o)

Memory Configuration

Name             Origin             Length             Attributes
SRAM             0x0000000020000000 0x0000000000005000 xrw
STACK            0x0000000020001ffc 0x0000000000000000 xrw
FLASH            0x0000000000000000 0x0000000000010000 xr
*default*        0x0000000000000000 0xffffffffffffffff

Linker script and memory map

LOAD /Users/liamg/Documents/gcc-arm-none-eabi-4_8-2013q4/bin/../lib/gcc/arm-none-eabi/4.8.3/armv7-m/crti.o
LOAD /Users/liamg/Documents/gcc-arm-none-eabi-4_8-2013q4/bin/../lib/gcc/arm-none-eabi/4.8.3/armv7-m/crtbegin.o
LOAD /Users/liamg/Documents/gcc-arm-none-eabi-4_8-2013q4/bin/../lib/gcc/arm-none-eabi/4.8.3/../../../../arm-none-eabi/lib/armv7-m/rdimon-crt0.o
LOAD /Users/liamg/Documents/gcc-arm-none-eabi-4_8-2013q4/bin/../lib/gcc/arm-none-eabi/4.8.3/../../../../arm-none-eabi/lib/armv7-m/libc_s.a
LOAD /Users/liamg/Documents/gcc-arm-none-eabi-4_8-2013q4/bin/../lib/gcc/arm-none-eabi/4.8.3/../../../../arm-none-eabi/lib/armv7-m/libc_s.a
LOAD /Users/liamg/Documents/gcc-arm-none-eabi-4_8-2013q4/bin/../lib/gcc/arm-none-eabi/4.8.3/../../../../arm-none-eabi/lib/armv7-m/librdimon_s.a
LOAD Objects/startup.o
LOAD Objects/Initialize.o
LOAD Objects/main.o
START GROUP
LOAD /Users/liamg/Documents/gcc-arm-none-eabi-4_8-2013q4/bin/../lib/gcc/arm-none-eabi/4.8.3/armv7-m/libgcc.a
LOAD /Users/liamg/Documents/gcc-arm-none-eabi-4_8-2013q4/bin/../lib/gcc/arm-none-eabi/4.8.3/../../../../arm-none-eabi/lib/armv7-m/libg_s.a
LOAD /Users/liamg/Documents/gcc-arm-none-eabi-4_8-2013q4/bin/../lib/gcc/arm-none-eabi/4.8.3/../../../../arm-none-eabi/lib/armv7-m/libc_s.a
END GROUP
START GROUP
LOAD /Users/liamg/Documents/gcc-arm-none-eabi-4_8-2013q4/bin/../lib/gcc/arm-none-eabi/4.8.3/armv7-m/libgcc.a
LOAD /Users/liamg/Documents/gcc-arm-none-eabi-4_8-2013q4/bin/../lib/gcc/arm-none-eabi/4.8.3/../../../../arm-none-eabi/lib/armv7-m/libc_s.a
LOAD /Users/liamg/Documents/gcc-arm-none-eabi-4_8-2013q4/bin/../lib/gcc/arm-none-eabi/4.8.3/../../../../arm-none-eabi/lib/armv7-m/librdimon_s.a
END GROUP
START GROUP
LOAD /Users/liamg/Documents/gcc-arm-none-eabi-4_8-2013q4/bin/../lib/gcc/arm-none-eabi/4.8.3/armv7-m/libgcc.a
LOAD /Users/liamg/Documents/gcc-arm-none-eabi-4_8-2013q4/bin/../lib/gcc/arm-none-eabi/4.8.3/../../../../arm-none-eabi/lib/armv7-m/libc_s.a
LOAD /Users/liamg/Documents/gcc-arm-none-eabi-4_8-2013q4/bin/../lib/gcc/arm-none-eabi/4.8.3/../../../../arm-none-eabi/lib/armv7-m/librdimon_s.a
END GROUP
LOAD /Users/liamg/Documents/gcc-arm-none-eabi-4_8-2013q4/bin/../lib/gcc/arm-none-eabi/4.8.3/armv7-m/crtend.o
LOAD /Users/liamg/Documents/gcc-arm-none-eabi-4_8-2013q4/bin/../lib/gcc/arm-none-eabi/4.8.3/armv7-m/crtn.o
                0x0000000000000000                . = ORIGIN (FLASH)

.vectors        0x0000000000000000      0x134
 *(.isr_vector)
 .isr_vector    0x0000000000000000      0x134 Objects/startup.o
                0x0000000000000000                g_pfnVectors

.eh_frame       0x0000000000000134        0x4
 .eh_frame      0x0000000000000134        0x0 /Users/liamg/Documents/gcc-arm-none-eabi-4_8-2013q4/bin/../lib/gcc/arm-none-eabi/4.8.3/armv7-m/crtbegin.o
 .eh_frame      0x0000000000000134        0x4 /Users/liamg/Documents/gcc-arm-none-eabi-4_8-2013q4/bin/../lib/gcc/arm-none-eabi/4.8.3/armv7-m/crtend.o

.ARM.extab      0x0000000000000138        0x0
 .ARM.extab     0x0000000000000138        0x0 /Users/liamg/Documents/gcc-arm-none-eabi-4_8-2013q4/bin/../lib/gcc/arm-none-eabi/4.8.3/../../../../arm-none-eabi/lib/armv7-m/rdimon-crt0.o

.ARM.exidx      0x0000000000000138        0x8
 .ARM.exidx     0x0000000000000138        0x8 /Users/liamg/Documents/gcc-arm-none-eabi-4_8-2013q4/bin/../lib/gcc/arm-none-eabi/4.8.3/../../../../arm-none-eabi/lib/armv7-m/rdimon-crt0.o

.text           0x0000000000000140      0x1e8
 *(.text)
 .text          0x0000000000000140        0x0 /Users/liamg/Documents/gcc-arm-none-eabi-4_8-2013q4/bin/../lib/gcc/arm-none-eabi/4.8.3/armv7-m/crti.o
 .text          0x0000000000000140       0x54 /Users/liamg/Documents/gcc-arm-none-eabi-4_8-2013q4/bin/../lib/gcc/arm-none-eabi/4.8.3/armv7-m/crtbegin.o
 .text          0x0000000000000194       0xdc /Users/liamg/Documents/gcc-arm-none-eabi-4_8-2013q4/bin/../lib/gcc/arm-none-eabi/4.8.3/../../../../arm-none-eabi/lib/armv7-m/rdimon-crt0.o
                0x0000000000000194                _mainCRTStartup
                0x0000000000000194                _start
 .text          0x0000000000000270        0x0 /Users/liamg/Documents/gcc-arm-none-eabi-4_8-2013q4/bin/../lib/gcc/arm-none-eabi/4.8.3/../../../../arm-none-eabi/lib/armv7-m/libc_s.a(lib_a-exit.o)
 .text          0x0000000000000270        0x0 /Users/liamg/Documents/gcc-arm-none-eabi-4_8-2013q4/bin/../lib/gcc/arm-none-eabi/4.8.3/../../../../arm-none-eabi/lib/armv7-m/libc_s.a(lib_a-impure.o)
 .text          0x0000000000000270        0x0 /Users/liamg/Documents/gcc-arm-none-eabi-4_8-2013q4/bin/../lib/gcc/arm-none-eabi/4.8.3/../../../../arm-none-eabi/lib/armv7-m/libc_s.a(lib_a-init.o)
 .text          0x0000000000000270        0x0 /Users/liamg/Documents/gcc-arm-none-eabi-4_8-2013q4/bin/../lib/gcc/arm-none-eabi/4.8.3/../../../../arm-none-eabi/lib/armv7-m/libc_s.a(lib_a-memset.o)
 .text          0x0000000000000270        0x0 /Users/liamg/Documents/gcc-arm-none-eabi-4_8-2013q4/bin/../lib/gcc/arm-none-eabi/4.8.3/../../../../arm-none-eabi/lib/armv7-m/librdimon_s.a(rdimon-syscalls.o)
 .text          0x0000000000000270        0x0 /Users/liamg/Documents/gcc-arm-none-eabi-4_8-2013q4/bin/../lib/gcc/arm-none-eabi/4.8.3/../../../../arm-none-eabi/lib/armv7-m/librdimon_s.a(rdimon-_exit.o)
 .text          0x0000000000000270        0x0 /Users/liamg/Documents/gcc-arm-none-eabi-4_8-2013q4/bin/../lib/gcc/arm-none-eabi/4.8.3/../../../../arm-none-eabi/lib/armv7-m/librdimon_s.a(rdimon-_kill.o)
 .text          0x0000000000000270       0x14 Objects/startup.o
 .text          0x0000000000000284       0x28 Objects/Initialize.o
                0x0000000000000284                SystemInit
 .text          0x00000000000002ac        0x0 Objects/main.o
 .text          0x00000000000002ac        0x0 /Users/liamg/Documents/gcc-arm-none-eabi-4_8-2013q4/bin/../lib/gcc/arm-none-eabi/4.8.3/../../../../arm-none-eabi/lib/armv7-m/libg_s.a(lib_a-errno.o)
 .text          0x00000000000002ac        0x0 /Users/liamg/Documents/gcc-arm-none-eabi-4_8-2013q4/bin/../lib/gcc/arm-none-eabi/4.8.3/../../../../arm-none-eabi/lib/armv7-m/libg_s.a(lib_a-findfp.o)
 .text          0x00000000000002ac        0x0 /Users/liamg/Documents/gcc-arm-none-eabi-4_8-2013q4/bin/../lib/gcc/arm-none-eabi/4.8.3/../../../../arm-none-eabi/lib/armv7-m/libg_s.a(lib_a-fwalk.o)
 .text          0x00000000000002ac        0x0 /Users/liamg/Documents/gcc-arm-none-eabi-4_8-2013q4/bin/../lib/gcc/arm-none-eabi/4.8.3/../../../../arm-none-eabi/lib/armv7-m/libg_s.a(lib_a-nano-mallocr.o)
 .text          0x00000000000002ac        0x0 /Users/liamg/Documents/gcc-arm-none-eabi-4_8-2013q4/bin/../lib/gcc/arm-none-eabi/4.8.3/../../../../arm-none-eabi/lib/armv7-m/libg_s.a(lib_a-puts.o)
 .text          0x00000000000002ac        0x0 /Users/liamg/Documents/gcc-arm-none-eabi-4_8-2013q4/bin/../lib/gcc/arm-none-eabi/4.8.3/../../../../arm-none-eabi/lib/armv7-m/libg_s.a(lib_a-sbrkr.o)
 .text          0x00000000000002ac        0x0 /Users/liamg/Documents/gcc-arm-none-eabi-4_8-2013q4/bin/../lib/gcc/arm-none-eabi/4.8.3/../../../../arm-none-eabi/lib/armv7-m/libg_s.a(lib_a-stdio.o)
 .text          0x00000000000002ac        0x0 /Users/liamg/Documents/gcc-arm-none-eabi-4_8-2013q4/bin/../lib/gcc/arm-none-eabi/4.8.3/../../../../arm-none-eabi/lib/armv7-m/libg_s.a(lib_a-strlen.o)
 .text          0x00000000000002ac        0x0 /Users/liamg/Documents/gcc-arm-none-eabi-4_8-2013q4/bin/../lib/gcc/arm-none-eabi/4.8.3/../../../../arm-none-eabi/lib/armv7-m/libg_s.a(lib_a-wbuf.o)
 .text          0x00000000000002ac        0x0 /Users/liamg/Documents/gcc-arm-none-eabi-4_8-2013q4/bin/../lib/gcc/arm-none-eabi/4.8.3/../../../../arm-none-eabi/lib/armv7-m/libg_s.a(lib_a-writer.o)
 .text          0x00000000000002ac        0x0 /Users/liamg/Documents/gcc-arm-none-eabi-4_8-2013q4/bin/../lib/gcc/arm-none-eabi/4.8.3/../../../../arm-none-eabi/lib/armv7-m/libg_s.a(lib_a-wsetup.o)
 .text          0x00000000000002ac        0x0 /Users/liamg/Documents/gcc-arm-none-eabi-4_8-2013q4/bin/../lib/gcc/arm-none-eabi/4.8.3/../../../../arm-none-eabi/lib/armv7-m/libg_s.a(lib_a-closer.o)
 .text          0x00000000000002ac        0x0 /Users/liamg/Documents/gcc-arm-none-eabi-4_8-2013q4/bin/../lib/gcc/arm-none-eabi/4.8.3/../../../../arm-none-eabi/lib/armv7-m/libg_s.a(lib_a-fflush.o)
 .text          0x00000000000002ac        0x0 /Users/liamg/Documents/gcc-arm-none-eabi-4_8-2013q4/bin/../lib/gcc/arm-none-eabi/4.8.3/../../../../arm-none-eabi/lib/armv7-m/libg_s.a(lib_a-lseekr.o)
 .text          0x00000000000002ac        0x0 /Users/liamg/Documents/gcc-arm-none-eabi-4_8-2013q4/bin/../lib/gcc/arm-none-eabi/4.8.3/../../../../arm-none-eabi/lib/armv7-m/libg_s.a(lib_a-makebuf.o)
 .text          0x00000000000002ac        0x0 /Users/liamg/Documents/gcc-arm-none-eabi-4_8-2013q4/bin/../lib/gcc/arm-none-eabi/4.8.3/../../../../arm-none-eabi/lib/armv7-m/libg_s.a(lib_a-nano-freer.o)
 .text          0x00000000000002ac        0x0 /Users/liamg/Documents/gcc-arm-none-eabi-4_8-2013q4/bin/../lib/gcc/arm-none-eabi/4.8.3/../../../../arm-none-eabi/lib/armv7-m/libg_s.a(lib_a-readr.o)
 .text          0x00000000000002ac        0x0 /Users/liamg/Documents/gcc-arm-none-eabi-4_8-2013q4/bin/../lib/gcc/arm-none-eabi/4.8.3/../../../../arm-none-eabi/lib/armv7-m/libg_s.a(lib_a-reent.o)
 .text          0x00000000000002ac        0x0 /Users/liamg/Documents/gcc-arm-none-eabi-4_8-2013q4/bin/../lib/gcc/arm-none-eabi/4.8.3/../../../../arm-none-eabi/lib/armv7-m/libg_s.a(lib_a-fstatr.o)
 .text          0x00000000000002ac        0x0 /Users/liamg/Documents/gcc-arm-none-eabi-4_8-2013q4/bin/../lib/gcc/arm-none-eabi/4.8.3/../../../../arm-none-eabi/lib/armv7-m/libg_s.a(lib_a-isattyr.o)
 .text          0x00000000000002ac        0x0 /Users/liamg/Documents/gcc-arm-none-eabi-4_8-2013q4/bin/../lib/gcc/arm-none-eabi/4.8.3/armv7-m/crtend.o
 .text          0x00000000000002ac        0x0 /Users/liamg/Documents/gcc-arm-none-eabi-4_8-2013q4/bin/../lib/gcc/arm-none-eabi/4.8.3/armv7-m/crtn.o
 *(.rodata)
 *(.rodata*)
 .rodata.str1.1
                0x00000000000002ac        0x2 /Users/liamg/Documents/gcc-arm-none-eabi-4_8-2013q4/bin/../lib/gcc/arm-none-eabi/4.8.3/../../../../arm-none-eabi/lib/armv7-m/libc_s.a(lib_a-impure.o)
 *fill*         0x00000000000002ae        0x2 
 .rodata._global_impure_ptr
                0x00000000000002b0        0x4 /Users/liamg/Documents/gcc-arm-none-eabi-4_8-2013q4/bin/../lib/gcc/arm-none-eabi/4.8.3/../../../../arm-none-eabi/lib/armv7-m/libc_s.a(lib_a-impure.o)
                0x00000000000002b0                _global_impure_ptr
 .rodata.str1.1
                0x00000000000002b4        0x4 /Users/liamg/Documents/gcc-arm-none-eabi-4_8-2013q4/bin/../lib/gcc/arm-none-eabi/4.8.3/../../../../arm-none-eabi/lib/armv7-m/librdimon_s.a(rdimon-syscalls.o)
 .rodata.str1.1
                0x00000000000002b8        0xd Objects/main.o
 *fill*         0x00000000000002c5        0x3 
 .rodata.__sf_fake_stdin
                0x00000000000002c8       0x20 /Users/liamg/Documents/gcc-arm-none-eabi-4_8-2013q4/bin/../lib/gcc/arm-none-eabi/4.8.3/../../../../arm-none-eabi/lib/armv7-m/libg_s.a(lib_a-findfp.o)
                0x00000000000002c8                __sf_fake_stdin
 .rodata.__sf_fake_stdout
                0x00000000000002e8       0x20 /Users/liamg/Documents/gcc-arm-none-eabi-4_8-2013q4/bin/../lib/gcc/arm-none-eabi/4.8.3/../../../../arm-none-eabi/lib/armv7-m/libg_s.a(lib_a-findfp.o)
                0x00000000000002e8                __sf_fake_stdout
 .rodata.__sf_fake_stderr
                0x0000000000000308       0x20 /Users/liamg/Documents/gcc-arm-none-eabi-4_8-2013q4/bin/../lib/gcc/arm-none-eabi/4.8.3/../../../../arm-none-eabi/lib/armv7-m/libg_s.a(lib_a-findfp.o)
                0x0000000000000308                __sf_fake_stderr

.glue_7         0x0000000000000328        0x0
 .glue_7        0x0000000000000000        0x0 linker stubs

.glue_7t        0x0000000000000328        0x0
 .glue_7t       0x0000000000000000        0x0 linker stubs

.vfp11_veneer   0x0000000000000328        0x0
 .vfp11_veneer  0x0000000000000000        0x0 linker stubs

.v4_bx          0x0000000000000328        0x0
 .v4_bx         0x0000000000000000        0x0 linker stubs

.init           0x0000000000000328        0xc
 .init          0x0000000000000328        0x4 /Users/liamg/Documents/gcc-arm-none-eabi-4_8-2013q4/bin/../lib/gcc/arm-none-eabi/4.8.3/armv7-m/crti.o
                0x0000000000000328                _init
 .init          0x000000000000032c        0x8 /Users/liamg/Documents/gcc-arm-none-eabi-4_8-2013q4/bin/../lib/gcc/arm-none-eabi/4.8.3/armv7-m/crtn.o

.fini           0x0000000000000334        0xc
 .fini          0x0000000000000334        0x4 /Users/liamg/Documents/gcc-arm-none-eabi-4_8-2013q4/bin/../lib/gcc/arm-none-eabi/4.8.3/armv7-m/crti.o
                0x0000000000000334                _fini
 .fini          0x0000000000000338        0x8 /Users/liamg/Documents/gcc-arm-none-eabi-4_8-2013q4/bin/../lib/gcc/arm-none-eabi/4.8.3/armv7-m/crtn.o

.iplt           0x0000000000000340        0x0
 .iplt          0x0000000000000000        0x0 /Users/liamg/Documents/gcc-arm-none-eabi-4_8-2013q4/bin/../lib/gcc/arm-none-eabi/4.8.3/armv7-m/crtbegin.o

.text.exit      0x0000000000000340       0x28
 .text.exit     0x0000000000000340       0x28 /Users/liamg/Documents/gcc-arm-none-eabi-4_8-2013q4/bin/../lib/gcc/arm-none-eabi/4.8.3/../../../../arm-none-eabi/lib/armv7-m/libc_s.a(lib_a-exit.o)
                0x0000000000000340                exit

.text.__libc_init_array
                0x0000000000000368       0x4c
 .text.__libc_init_array
                0x0000000000000368       0x4c /Users/liamg/Documents/gcc-arm-none-eabi-4_8-2013q4/bin/../lib/gcc/arm-none-eabi/4.8.3/../../../../arm-none-eabi/lib/armv7-m/libc_s.a(lib_a-init.o)
                0x0000000000000368                __libc_init_array

.text.memset    0x00000000000003b4       0x10
 .text.memset   0x00000000000003b4       0x10 /Users/liamg/Documents/gcc-arm-none-eabi-4_8-2013q4/bin/../lib/gcc/arm-none-eabi/4.8.3/../../../../arm-none-eabi/lib/armv7-m/libc_s.a(lib_a-memset.o)
                0x00000000000003b4                memset

.text.findslot  0x00000000000003c4       0x34
 .text.findslot
                0x00000000000003c4       0x34 /Users/liamg/Documents/gcc-arm-none-eabi-4_8-2013q4/bin/../lib/gcc/arm-none-eabi/4.8.3/../../../../arm-none-eabi/lib/armv7-m/librdimon_s.a(rdimon-syscalls.o)

.text.error     0x00000000000003f8       0x1c
 .text.error    0x00000000000003f8       0x1c /Users/liamg/Documents/gcc-arm-none-eabi-4_8-2013q4/bin/../lib/gcc/arm-none-eabi/4.8.3/../../../../arm-none-eabi/lib/armv7-m/librdimon_s.a(rdimon-syscalls.o)

.text.checkerror
                0x0000000000000414        0xa
 .text.checkerror
                0x0000000000000414        0xa /Users/liamg/Documents/gcc-arm-none-eabi-4_8-2013q4/bin/../lib/gcc/arm-none-eabi/4.8.3/../../../../arm-none-eabi/lib/armv7-m/librdimon_s.a(rdimon-syscalls.o)

.text.initialise_monitor_handles
                0x0000000000000420       0xa0
 .text.initialise_monitor_handles
                0x0000000000000420       0xa0 /Users/liamg/Documents/gcc-arm-none-eabi-4_8-2013q4/bin/../lib/gcc/arm-none-eabi/4.8.3/../../../../arm-none-eabi/lib/armv7-m/librdimon_s.a(rdimon-syscalls.o)
                0x0000000000000420                initialise_monitor_handles

.text._swiread  0x00000000000004c0       0x20
 .text._swiread
                0x00000000000004c0       0x20 /Users/liamg/Documents/gcc-arm-none-eabi-4_8-2013q4/bin/../lib/gcc/arm-none-eabi/4.8.3/../../../../arm-none-eabi/lib/armv7-m/librdimon_s.a(rdimon-syscalls.o)
                0x00000000000004c0                _swiread

.text._read     0x00000000000004e0       0x34
 .text._read    0x00000000000004e0       0x34 /Users/liamg/Documents/gcc-arm-none-eabi-4_8-2013q4/bin/../lib/gcc/arm-none-eabi/4.8.3/../../../../arm-none-eabi/lib/armv7-m/librdimon_s.a(rdimon-syscalls.o)
                0x00000000000004e0                _read

.text._swilseek
                0x0000000000000514       0x7e
 .text._swilseek
                0x0000000000000514       0x7e /Users/liamg/Documents/gcc-arm-none-eabi-4_8-2013q4/bin/../lib/gcc/arm-none-eabi/4.8.3/../../../../arm-none-eabi/lib/armv7-m/librdimon_s.a(rdimon-syscalls.o)
                0x0000000000000514                _swilseek

.text._lseek    0x0000000000000592        0x4
 .text._lseek   0x0000000000000592        0x4 /Users/liamg/Documents/gcc-arm-none-eabi-4_8-2013q4/bin/../lib/gcc/arm-none-eabi/4.8.3/../../../../arm-none-eabi/lib/armv7-m/librdimon_s.a(rdimon-syscalls.o)
                0x0000000000000592                _lseek

.text._swiwrite
                0x0000000000000596       0x20
 .text._swiwrite
                0x0000000000000596       0x20 /Users/liamg/Documents/gcc-arm-none-eabi-4_8-2013q4/bin/../lib/gcc/arm-none-eabi/4.8.3/../../../../arm-none-eabi/lib/armv7-m/librdimon_s.a(rdimon-syscalls.o)
                0x0000000000000596                _swiwrite

.text._write    0x00000000000005b6       0x42
 .text._write   0x00000000000005b6       0x42 /Users/liamg/Documents/gcc-arm-none-eabi-4_8-2013q4/bin/../lib/gcc/arm-none-eabi/4.8.3/../../../../arm-none-eabi/lib/armv7-m/librdimon_s.a(rdimon-syscalls.o)
                0x00000000000005b6                _write

.text._swiclose
                0x00000000000005f8       0x1c
 .text._swiclose
                0x00000000000005f8       0x1c /Users/liamg/Documents/gcc-arm-none-eabi-4_8-2013q4/bin/../lib/gcc/arm-none-eabi/4.8.3/../../../../arm-none-eabi/lib/armv7-m/librdimon_s.a(rdimon-syscalls.o)
                0x00000000000005f8                _swiclose

.text._close    0x0000000000000614       0x48
 .text._close   0x0000000000000614       0x48 /Users/liamg/Documents/gcc-arm-none-eabi-4_8-2013q4/bin/../lib/gcc/arm-none-eabi/4.8.3/../../../../arm-none-eabi/lib/armv7-m/librdimon_s.a(rdimon-syscalls.o)
                0x0000000000000614                _close

.text._getpid   0x000000000000065c        0x4
 .text._getpid  0x000000000000065c        0x4 /Users/liamg/Documents/gcc-arm-none-eabi-4_8-2013q4/bin/../lib/gcc/arm-none-eabi/4.8.3/../../../../arm-none-eabi/lib/armv7-m/librdimon_s.a(rdimon-syscalls.o)
                0x000000000000065c                _getpid

.text._sbrk     0x0000000000000660       0x34
 .text._sbrk    0x0000000000000660       0x34 /Users/liamg/Documents/gcc-arm-none-eabi-4_8-2013q4/bin/../lib/gcc/arm-none-eabi/4.8.3/../../../../arm-none-eabi/lib/armv7-m/librdimon_s.a(rdimon-syscalls.o)
                0x0000000000000660                _sbrk

.text._swistat  0x0000000000000694       0x42
 .text._swistat
                0x0000000000000694       0x42 /Users/liamg/Documents/gcc-arm-none-eabi-4_8-2013q4/bin/../lib/gcc/arm-none-eabi/4.8.3/../../../../arm-none-eabi/lib/armv7-m/librdimon_s.a(rdimon-syscalls.o)
                0x0000000000000694                _swistat

.text._fstat    0x00000000000006d6       0x1c
 .text._fstat   0x00000000000006d6       0x1c /Users/liamg/Documents/gcc-arm-none-eabi-4_8-2013q4/bin/../lib/gcc/arm-none-eabi/4.8.3/../../../../arm-none-eabi/lib/armv7-m/librdimon_s.a(rdimon-syscalls.o)
                0x00000000000006d6                _fstat

.text._stat     0x00000000000006f2       0x3a
 .text._stat    0x00000000000006f2       0x3a /Users/liamg/Documents/gcc-arm-none-eabi-4_8-2013q4/bin/../lib/gcc/arm-none-eabi/4.8.3/../../../../arm-none-eabi/lib/armv7-m/librdimon_s.a(rdimon-syscalls.o)
                0x00000000000006f2                _stat

.text._swiopen  0x000000000000072c       0xbc
 .text._swiopen
                0x000000000000072c       0xbc /Users/liamg/Documents/gcc-arm-none-eabi-4_8-2013q4/bin/../lib/gcc/arm-none-eabi/4.8.3/../../../../arm-none-eabi/lib/armv7-m/librdimon_s.a(rdimon-syscalls.o)
                0x000000000000072c                _swiopen

.text._open     0x00000000000007e8       0x12
 .text._open    0x00000000000007e8       0x12 /Users/liamg/Documents/gcc-arm-none-eabi-4_8-2013q4/bin/../lib/gcc/arm-none-eabi/4.8.3/../../../../arm-none-eabi/lib/armv7-m/librdimon_s.a(rdimon-syscalls.o)
                0x00000000000007e8                _open

.text._link     0x00000000000007fa       0x10
 .text._link    0x00000000000007fa       0x10 /Users/liamg/Documents/gcc-arm-none-eabi-4_8-2013q4/bin/../lib/gcc/arm-none-eabi/4.8.3/../../../../arm-none-eabi/lib/armv7-m/librdimon_s.a(rdimon-syscalls.o)
                0x00000000000007fa                _link

.text._unlink   0x000000000000080a       0x28
 .text._unlink  0x000000000000080a       0x28 /Users/liamg/Documents/gcc-arm-none-eabi-4_8-2013q4/bin/../lib/gcc/arm-none-eabi/4.8.3/../../../../arm-none-eabi/lib/armv7-m/librdimon_s.a(rdimon-syscalls.o)
                0x000000000000080a                _unlink

.text._gettimeofday
                0x0000000000000832       0x26
 .text._gettimeofday
                0x0000000000000832       0x26 /Users/liamg/Documents/gcc-arm-none-eabi-4_8-2013q4/bin/../lib/gcc/arm-none-eabi/4.8.3/../../../../arm-none-eabi/lib/armv7-m/librdimon_s.a(rdimon-syscalls.o)
                0x0000000000000832                _gettimeofday

.text._clock    0x0000000000000858       0x12
 .text._clock   0x0000000000000858       0x12 /Users/liamg/Documents/gcc-arm-none-eabi-4_8-2013q4/bin/../lib/gcc/arm-none-eabi/4.8.3/../../../../arm-none-eabi/lib/armv7-m/librdimon_s.a(rdimon-syscalls.o)
                0x0000000000000858                _clock

.text._times    0x000000000000086a       0x16
 .text._times   0x000000000000086a       0x16 /Users/liamg/Documents/gcc-arm-none-eabi-4_8-2013q4/bin/../lib/gcc/arm-none-eabi/4.8.3/../../../../arm-none-eabi/lib/armv7-m/librdimon_s.a(rdimon-syscalls.o)
                0x000000000000086a                _times

.text._isatty   0x0000000000000880       0x3c
 .text._isatty  0x0000000000000880       0x3c /Users/liamg/Documents/gcc-arm-none-eabi-4_8-2013q4/bin/../lib/gcc/arm-none-eabi/4.8.3/../../../../arm-none-eabi/lib/armv7-m/librdimon_s.a(rdimon-syscalls.o)
                0x0000000000000880                _isatty

.text._system   0x00000000000008bc       0x3c
 .text._system  0x00000000000008bc       0x3c /Users/liamg/Documents/gcc-arm-none-eabi-4_8-2013q4/bin/../lib/gcc/arm-none-eabi/4.8.3/../../../../arm-none-eabi/lib/armv7-m/librdimon_s.a(rdimon-syscalls.o)
                0x00000000000008bc                _system

.text._rename   0x00000000000008f8       0x36
 .text._rename  0x00000000000008f8       0x36 /Users/liamg/Documents/gcc-arm-none-eabi-4_8-2013q4/bin/../lib/gcc/arm-none-eabi/4.8.3/../../../../arm-none-eabi/lib/armv7-m/librdimon_s.a(rdimon-syscalls.o)
                0x00000000000008f8                _rename

.text._exit     0x000000000000092e        0x8
 .text._exit    0x000000000000092e        0x8 /Users/liamg/Documents/gcc-arm-none-eabi-4_8-2013q4/bin/../lib/gcc/arm-none-eabi/4.8.3/../../../../arm-none-eabi/lib/armv7-m/librdimon_s.a(rdimon-_exit.o)
                0x000000000000092e                _exit

.text._kill     0x0000000000000938       0x20
 .text._kill    0x0000000000000938       0x20 /Users/liamg/Documents/gcc-arm-none-eabi-4_8-2013q4/bin/../lib/gcc/arm-none-eabi/4.8.3/../../../../arm-none-eabi/lib/armv7-m/librdimon_s.a(rdimon-_kill.o)
                0x0000000000000938                _kill

.text.Reset_Handler
                0x0000000000000958       0x4c
 .text.Reset_Handler
                0x0000000000000958       0x4c Objects/startup.o
                0x0000000000000958                Reset_Handler

.text.Default_Handler
                0x00000000000009a4        0x4
 .text.Default_Handler
                0x00000000000009a4        0x4 Objects/startup.o
                0x00000000000009a4                TIM1_BRK_TIM15_IRQHandler
                0x00000000000009a4                DebugMon_Handler
                0x00000000000009a4                TIM1_CC_IRQHandler
                0x00000000000009a4                HardFault_Handler
                0x00000000000009a4                SysTick_Handler
                0x00000000000009a4                PVD_IRQHandler
                0x00000000000009a4                PendSV_Handler
                0x00000000000009a4                NMI_Handler
                0x00000000000009a4                EXTI3_IRQHandler
                0x00000000000009a4                EXTI0_IRQHandler
                0x00000000000009a4                I2C2_EV_IRQHandler
                0x00000000000009a4                TIM1_UP_TIM16_IRQHandler
                0x00000000000009a4                UsageFault_Handler
                0x00000000000009a4                SPI1_IRQHandler
                0x00000000000009a4                TAMPER_IRQHandler
                0x00000000000009a4                TIM6_DAC_IRQHandler
                0x00000000000009a4                DMA2_Channel2_IRQHandler
                0x00000000000009a4                DMA1_Channel4_IRQHandler
                0x00000000000009a4                ADC1_IRQHandler
                0x00000000000009a4                USART3_IRQHandler
                0x00000000000009a4                RTC_IRQHandler
                0x00000000000009a4                DMA1_Channel7_IRQHandler
                0x00000000000009a4                UART5_IRQHandler
                0x00000000000009a4                TIM4_IRQHandler
                0x00000000000009a4                DMA2_Channel1_IRQHandler
                0x00000000000009a4                I2C1_EV_IRQHandler
                0x00000000000009a4                DMA1_Channel6_IRQHandler
                0x00000000000009a4                UART4_IRQHandler
                0x00000000000009a4                DMA2_Channel4_IRQHandler
                0x00000000000009a4                TIM3_IRQHandler
                0x00000000000009a4                RCC_IRQHandler
                0x00000000000009a4                DMA1_Channel1_IRQHandler
                0x00000000000009a4                Default_Handler
                0x00000000000009a4                CEC_IRQHandler
                0x00000000000009a4                EXTI15_10_IRQHandler
                0x00000000000009a4                TIM14_IRQHandler
                0x00000000000009a4                TIM13_IRQHandler
                0x00000000000009a4                TIM12_IRQHandler
                0x00000000000009a4                TIM7_IRQHandler
                0x00000000000009a4                TIM5_IRQHandler
                0x00000000000009a4                EXTI9_5_IRQHandler
                0x00000000000009a4                SPI2_IRQHandler
                0x00000000000009a4                MemManage_Handler
                0x00000000000009a4                SVC_Handler
                0x00000000000009a4                DMA2_Channel5_IRQHandler
                0x00000000000009a4                DMA1_Channel5_IRQHandler
                0x00000000000009a4                EXTI4_IRQHandler
                0x00000000000009a4                TIM1_TRG_COM_TIM17_IRQHandler
                0x00000000000009a4                DMA1_Channel3_IRQHandler
                0x00000000000009a4                FSMC_IRQHandler
                0x00000000000009a4                WWDG_IRQHandler
                0x00000000000009a4                TIM2_IRQHandler
                0x00000000000009a4                EXTI1_IRQHandler
                0x00000000000009a4                RTCAlarm_IRQHandler
                0x00000000000009a4                USART2_IRQHandler
                0x00000000000009a4                I2C2_ER_IRQHandler
                0x00000000000009a4                DMA1_Channel2_IRQHandler
                0x00000000000009a4                FLASH_IRQHandler
                0x00000000000009a4                BusFault_Handler
                0x00000000000009a4                USART1_IRQHandler
                0x00000000000009a4                SPI3_IRQHandler
                0x00000000000009a4                I2C1_ER_IRQHandler
                0x00000000000009a4                DMA2_Channel3_IRQHandler
                0x00000000000009a4                EXTI2_IRQHandler

.text.startup   0x00000000000009a8       0x58
 .text.startup  0x00000000000009a8       0x58 Objects/main.o
                0x00000000000009a8                main

.text.__errno   0x0000000000000a00        0xc
 .text.__errno  0x0000000000000a00        0xc /Users/liamg/Documents/gcc-arm-none-eabi-4_8-2013q4/bin/../lib/gcc/arm-none-eabi/4.8.3/../../../../arm-none-eabi/lib/armv7-m/libg_s.a(lib_a-errno.o)
                0x0000000000000a00                __errno

.text.__fp_lock
                0x0000000000000a0c        0x4
 .text.__fp_lock
                0x0000000000000a0c        0x4 /Users/liamg/Documents/gcc-arm-none-eabi-4_8-2013q4/bin/../lib/gcc/arm-none-eabi/4.8.3/../../../../arm-none-eabi/lib/armv7-m/libg_s.a(lib_a-findfp.o)

.text.__fp_unlock
                0x0000000000000a10        0x4
 .text.__fp_unlock
                0x0000000000000a10        0x4 /Users/liamg/Documents/gcc-arm-none-eabi-4_8-2013q4/bin/../lib/gcc/arm-none-eabi/4.8.3/../../../../arm-none-eabi/lib/armv7-m/libg_s.a(lib_a-findfp.o)

.text._cleanup_r
                0x0000000000000a14       0x32
 .text._cleanup_r
                0x0000000000000a14       0x32 /Users/liamg/Documents/gcc-arm-none-eabi-4_8-2013q4/bin/../lib/gcc/arm-none-eabi/4.8.3/../../../../arm-none-eabi/lib/armv7-m/libg_s.a(lib_a-findfp.o)
                0x0000000000000a14                _cleanup_r

.text.std.isra.0
                0x0000000000000a48       0x48
 .text.std.isra.0
                0x0000000000000a48       0x48 /Users/liamg/Documents/gcc-arm-none-eabi-4_8-2013q4/bin/../lib/gcc/arm-none-eabi/4.8.3/../../../../arm-none-eabi/lib/armv7-m/libg_s.a(lib_a-findfp.o)

.text.__sfmoreglue
                0x0000000000000a90       0x2c
 .text.__sfmoreglue
                0x0000000000000a90       0x2c /Users/liamg/Documents/gcc-arm-none-eabi-4_8-2013q4/bin/../lib/gcc/arm-none-eabi/4.8.3/../../../../arm-none-eabi/lib/armv7-m/libg_s.a(lib_a-findfp.o)
                0x0000000000000a90                __sfmoreglue

.text._cleanup  0x0000000000000abc        0xc
 .text._cleanup
                0x0000000000000abc        0xc /Users/liamg/Documents/gcc-arm-none-eabi-4_8-2013q4/bin/../lib/gcc/arm-none-eabi/4.8.3/../../../../arm-none-eabi/lib/armv7-m/libg_s.a(lib_a-findfp.o)
                0x0000000000000abc                _cleanup

.text.__sinit   0x0000000000000ac8       0x60
 .text.__sinit  0x0000000000000ac8       0x60 /Users/liamg/Documents/gcc-arm-none-eabi-4_8-2013q4/bin/../lib/gcc/arm-none-eabi/4.8.3/../../../../arm-none-eabi/lib/armv7-m/libg_s.a(lib_a-findfp.o)
                0x0000000000000ac8                __sinit

.text.__sfp     0x0000000000000b28       0x74
 .text.__sfp    0x0000000000000b28       0x74 /Users/liamg/Documents/gcc-arm-none-eabi-4_8-2013q4/bin/../lib/gcc/arm-none-eabi/4.8.3/../../../../arm-none-eabi/lib/armv7-m/libg_s.a(lib_a-findfp.o)
                0x0000000000000b28                __sfp

.text.__sfp_lock_acquire
                0x0000000000000b9c        0x2
 .text.__sfp_lock_acquire
                0x0000000000000b9c        0x2 /Users/liamg/Documents/gcc-arm-none-eabi-4_8-2013q4/bin/../lib/gcc/arm-none-eabi/4.8.3/../../../../arm-none-eabi/lib/armv7-m/libg_s.a(lib_a-findfp.o)
                0x0000000000000b9c                __sfp_lock_acquire

.text.__sfp_lock_release
                0x0000000000000b9e        0x2
 .text.__sfp_lock_release
                0x0000000000000b9e        0x2 /Users/liamg/Documents/gcc-arm-none-eabi-4_8-2013q4/bin/../lib/gcc/arm-none-eabi/4.8.3/../../../../arm-none-eabi/lib/armv7-m/libg_s.a(lib_a-findfp.o)
                0x0000000000000b9e                __sfp_lock_release

.text.__sinit_lock_acquire
                0x0000000000000ba0        0x2
 .text.__sinit_lock_acquire
                0x0000000000000ba0        0x2 /Users/liamg/Documents/gcc-arm-none-eabi-4_8-2013q4/bin/../lib/gcc/arm-none-eabi/4.8.3/../../../../arm-none-eabi/lib/armv7-m/libg_s.a(lib_a-findfp.o)
                0x0000000000000ba0                __sinit_lock_acquire

.text.__sinit_lock_release
                0x0000000000000ba2        0x2
 .text.__sinit_lock_release
                0x0000000000000ba2        0x2 /Users/liamg/Documents/gcc-arm-none-eabi-4_8-2013q4/bin/../lib/gcc/arm-none-eabi/4.8.3/../../../../arm-none-eabi/lib/armv7-m/libg_s.a(lib_a-findfp.o)
                0x0000000000000ba2                __sinit_lock_release

.text.__fp_lock_all
                0x0000000000000ba4       0x14
 .text.__fp_lock_all
                0x0000000000000ba4       0x14 /Users/liamg/Documents/gcc-arm-none-eabi-4_8-2013q4/bin/../lib/gcc/arm-none-eabi/4.8.3/../../../../arm-none-eabi/lib/armv7-m/libg_s.a(lib_a-findfp.o)
                0x0000000000000ba4                __fp_lock_all

.text.__fp_unlock_all
                0x0000000000000bb8       0x14
 .text.__fp_unlock_all
                0x0000000000000bb8       0x14 /Users/liamg/Documents/gcc-arm-none-eabi-4_8-2013q4/bin/../lib/gcc/arm-none-eabi/4.8.3/../../../../arm-none-eabi/lib/armv7-m/libg_s.a(lib_a-findfp.o)
                0x0000000000000bb8                __fp_unlock_all

.text._fwalk    0x0000000000000bcc       0x38
 .text._fwalk   0x0000000000000bcc       0x38 /Users/liamg/Documents/gcc-arm-none-eabi-4_8-2013q4/bin/../lib/gcc/arm-none-eabi/4.8.3/../../../../arm-none-eabi/lib/armv7-m/libg_s.a(lib_a-fwalk.o)
                0x0000000000000bcc                _fwalk

.text._fwalk_reent
                0x0000000000000c04       0x3c
 .text._fwalk_reent
                0x0000000000000c04       0x3c /Users/liamg/Documents/gcc-arm-none-eabi-4_8-2013q4/bin/../lib/gcc/arm-none-eabi/4.8.3/../../../../arm-none-eabi/lib/armv7-m/libg_s.a(lib_a-fwalk.o)
                0x0000000000000c04                _fwalk_reent

.text._malloc_r
                0x0000000000000c40       0xa8
 .text._malloc_r
                0x0000000000000c40       0xa8 /Users/liamg/Documents/gcc-arm-none-eabi-4_8-2013q4/bin/../lib/gcc/arm-none-eabi/4.8.3/../../../../arm-none-eabi/lib/armv7-m/libg_s.a(lib_a-nano-mallocr.o)
                0x0000000000000c40                _malloc_r

.text._puts_r   0x0000000000000ce8       0xc0
 .text._puts_r  0x0000000000000ce8       0xc0 /Users/liamg/Documents/gcc-arm-none-eabi-4_8-2013q4/bin/../lib/gcc/arm-none-eabi/4.8.3/../../../../arm-none-eabi/lib/armv7-m/libg_s.a(lib_a-puts.o)
                0x0000000000000ce8                _puts_r

.text.puts      0x0000000000000da8       0x10
 .text.puts     0x0000000000000da8       0x10 /Users/liamg/Documents/gcc-arm-none-eabi-4_8-2013q4/bin/../lib/gcc/arm-none-eabi/4.8.3/../../../../arm-none-eabi/lib/armv7-m/libg_s.a(lib_a-puts.o)
                0x0000000000000da8                puts

.text._sbrk_r   0x0000000000000db8       0x20
 .text._sbrk_r  0x0000000000000db8       0x20 /Users/liamg/Documents/gcc-arm-none-eabi-4_8-2013q4/bin/../lib/gcc/arm-none-eabi/4.8.3/../../../../arm-none-eabi/lib/armv7-m/libg_s.a(lib_a-sbrkr.o)
                0x0000000000000db8                _sbrk_r

.text.__sread   0x0000000000000dd8       0x22
 .text.__sread  0x0000000000000dd8       0x22 /Users/liamg/Documents/gcc-arm-none-eabi-4_8-2013q4/bin/../lib/gcc/arm-none-eabi/4.8.3/../../../../arm-none-eabi/lib/armv7-m/libg_s.a(lib_a-stdio.o)
                0x0000000000000dd8                __sread

.text.__seofread
                0x0000000000000dfa        0x4
 .text.__seofread
                0x0000000000000dfa        0x4 /Users/liamg/Documents/gcc-arm-none-eabi-4_8-2013q4/bin/../lib/gcc/arm-none-eabi/4.8.3/../../../../arm-none-eabi/lib/armv7-m/libg_s.a(lib_a-stdio.o)
                0x0000000000000dfa                __seofread

.text.__swrite  0x0000000000000dfe       0x38
 .text.__swrite
                0x0000000000000dfe       0x38 /Users/liamg/Documents/gcc-arm-none-eabi-4_8-2013q4/bin/../lib/gcc/arm-none-eabi/4.8.3/../../../../arm-none-eabi/lib/armv7-m/libg_s.a(lib_a-stdio.o)
                0x0000000000000dfe                __swrite

.text.__sseek   0x0000000000000e36       0x24
 .text.__sseek  0x0000000000000e36       0x24 /Users/liamg/Documents/gcc-arm-none-eabi-4_8-2013q4/bin/../lib/gcc/arm-none-eabi/4.8.3/../../../../arm-none-eabi/lib/armv7-m/libg_s.a(lib_a-stdio.o)
                0x0000000000000e36                __sseek

.text.__sclose  0x0000000000000e5a        0x8
 .text.__sclose
                0x0000000000000e5a        0x8 /Users/liamg/Documents/gcc-arm-none-eabi-4_8-2013q4/bin/../lib/gcc/arm-none-eabi/4.8.3/../../../../arm-none-eabi/lib/armv7-m/libg_s.a(lib_a-stdio.o)
                0x0000000000000e5a                __sclose

.text.strlen    0x0000000000000e62       0x10
 .text.strlen   0x0000000000000e62       0x10 /Users/liamg/Documents/gcc-arm-none-eabi-4_8-2013q4/bin/../lib/gcc/arm-none-eabi/4.8.3/../../../../arm-none-eabi/lib/armv7-m/libg_s.a(lib_a-strlen.o)
                0x0000000000000e62                strlen

.text.__swbuf_r
                0x0000000000000e74       0xa8
 .text.__swbuf_r
                0x0000000000000e74       0xa8 /Users/liamg/Documents/gcc-arm-none-eabi-4_8-2013q4/bin/../lib/gcc/arm-none-eabi/4.8.3/../../../../arm-none-eabi/lib/armv7-m/libg_s.a(lib_a-wbuf.o)
                0x0000000000000e74                __swbuf_r

.text.__swbuf   0x0000000000000f1c       0x14
 .text.__swbuf  0x0000000000000f1c       0x14 /Users/liamg/Documents/gcc-arm-none-eabi-4_8-2013q4/bin/../lib/gcc/arm-none-eabi/4.8.3/../../../../arm-none-eabi/lib/armv7-m/libg_s.a(lib_a-wbuf.o)
                0x0000000000000f1c                __swbuf

.text._write_r  0x0000000000000f30       0x24
 .text._write_r
                0x0000000000000f30       0x24 /Users/liamg/Documents/gcc-arm-none-eabi-4_8-2013q4/bin/../lib/gcc/arm-none-eabi/4.8.3/../../../../arm-none-eabi/lib/armv7-m/libg_s.a(lib_a-writer.o)
                0x0000000000000f30                _write_r

.text.__swsetup_r
                0x0000000000000f54       0xdc
 .text.__swsetup_r
                0x0000000000000f54       0xdc /Users/liamg/Documents/gcc-arm-none-eabi-4_8-2013q4/bin/../lib/gcc/arm-none-eabi/4.8.3/../../../../arm-none-eabi/lib/armv7-m/libg_s.a(lib_a-wsetup.o)
                0x0000000000000f54                __swsetup_r

.text._close_r  0x0000000000001030       0x20
 .text._close_r
                0x0000000000001030       0x20 /Users/liamg/Documents/gcc-arm-none-eabi-4_8-2013q4/bin/../lib/gcc/arm-none-eabi/4.8.3/../../../../arm-none-eabi/lib/armv7-m/libg_s.a(lib_a-closer.o)
                0x0000000000001030                _close_r

.text.__sflush_r
                0x0000000000001050      0x106
 .text.__sflush_r
                0x0000000000001050      0x106 /Users/liamg/Documents/gcc-arm-none-eabi-4_8-2013q4/bin/../lib/gcc/arm-none-eabi/4.8.3/../../../../arm-none-eabi/lib/armv7-m/libg_s.a(lib_a-fflush.o)
                0x0000000000001050                __sflush_r

.text._fflush_r
                0x0000000000001158       0x54
 .text._fflush_r
                0x0000000000001158       0x54 /Users/liamg/Documents/gcc-arm-none-eabi-4_8-2013q4/bin/../lib/gcc/arm-none-eabi/4.8.3/../../../../arm-none-eabi/lib/armv7-m/libg_s.a(lib_a-fflush.o)
                0x0000000000001158                _fflush_r

.text.fflush    0x00000000000011ac       0x24
 .text.fflush   0x00000000000011ac       0x24 /Users/liamg/Documents/gcc-arm-none-eabi-4_8-2013q4/bin/../lib/gcc/arm-none-eabi/4.8.3/../../../../arm-none-eabi/lib/armv7-m/libg_s.a(lib_a-fflush.o)
                0x00000000000011ac                fflush

.text._lseek_r  0x00000000000011d0       0x24
 .text._lseek_r
                0x00000000000011d0       0x24 /Users/liamg/Documents/gcc-arm-none-eabi-4_8-2013q4/bin/../lib/gcc/arm-none-eabi/4.8.3/../../../../arm-none-eabi/lib/armv7-m/libg_s.a(lib_a-lseekr.o)
                0x00000000000011d0                _lseek_r

.text.__smakebuf_r
                0x00000000000011f4       0x98
 .text.__smakebuf_r
                0x00000000000011f4       0x98 /Users/liamg/Documents/gcc-arm-none-eabi-4_8-2013q4/bin/../lib/gcc/arm-none-eabi/4.8.3/../../../../arm-none-eabi/lib/armv7-m/libg_s.a(lib_a-makebuf.o)
                0x00000000000011f4                __smakebuf_r

.text._free_r   0x000000000000128c       0x88
 .text._free_r  0x000000000000128c       0x88 /Users/liamg/Documents/gcc-arm-none-eabi-4_8-2013q4/bin/../lib/gcc/arm-none-eabi/4.8.3/../../../../arm-none-eabi/lib/armv7-m/libg_s.a(lib_a-nano-freer.o)
                0x000000000000128c                _free_r

.text._read_r   0x0000000000001314       0x24
 .text._read_r  0x0000000000001314       0x24 /Users/liamg/Documents/gcc-arm-none-eabi-4_8-2013q4/bin/../lib/gcc/arm-none-eabi/4.8.3/../../../../arm-none-eabi/lib/armv7-m/libg_s.a(lib_a-readr.o)
                0x0000000000001314                _read_r

.text.cleanup_glue
                0x0000000000001338       0x1a
 .text.cleanup_glue
                0x0000000000001338       0x1a /Users/liamg/Documents/gcc-arm-none-eabi-4_8-2013q4/bin/../lib/gcc/arm-none-eabi/4.8.3/../../../../arm-none-eabi/lib/armv7-m/libg_s.a(lib_a-reent.o)
                0x0000000000001338                cleanup_glue

.text._reclaim_reent
                0x0000000000001354       0xbc
 .text._reclaim_reent
                0x0000000000001354       0xbc /Users/liamg/Documents/gcc-arm-none-eabi-4_8-2013q4/bin/../lib/gcc/arm-none-eabi/4.8.3/../../../../arm-none-eabi/lib/armv7-m/libg_s.a(lib_a-reent.o)
                0x0000000000001354                _reclaim_reent

.text._fstat_r  0x0000000000001410       0x24
 .text._fstat_r
                0x0000000000001410       0x24 /Users/liamg/Documents/gcc-arm-none-eabi-4_8-2013q4/bin/../lib/gcc/arm-none-eabi/4.8.3/../../../../arm-none-eabi/lib/armv7-m/libg_s.a(lib_a-fstatr.o)
                0x0000000000001410                _fstat_r

.text._isatty_r
                0x0000000000001434       0x20
 .text._isatty_r
                0x0000000000001434       0x20 /Users/liamg/Documents/gcc-arm-none-eabi-4_8-2013q4/bin/../lib/gcc/arm-none-eabi/4.8.3/../../../../arm-none-eabi/lib/armv7-m/libg_s.a(lib_a-isattyr.o)
                0x0000000000001434                _isatty_r

.rel.dyn        0x0000000000001454        0x0
 .rel.iplt      0x0000000000000000        0x0 /Users/liamg/Documents/gcc-arm-none-eabi-4_8-2013q4/bin/../lib/gcc/arm-none-eabi/4.8.3/armv7-m/crtbegin.o

.data           0x0000000020000000      0x114 load address 0x0000000000001454
                0x0000000020000000                __data_start__ = .
 *(.data)
 .data          0x0000000020000000        0x0 /Users/liamg/Documents/gcc-arm-none-eabi-4_8-2013q4/bin/../lib/gcc/arm-none-eabi/4.8.3/armv7-m/crti.o
 .data          0x0000000020000000        0x4 /Users/liamg/Documents/gcc-arm-none-eabi-4_8-2013q4/bin/../lib/gcc/arm-none-eabi/4.8.3/armv7-m/crtbegin.o
                0x0000000020000000                __dso_handle
 .data          0x0000000020000004      0x110 /Users/liamg/Documents/gcc-arm-none-eabi-4_8-2013q4/bin/../lib/gcc/arm-none-eabi/4.8.3/../../../../arm-none-eabi/lib/armv7-m/rdimon-crt0.o
                0x000000002000000c                __stack_base__
 .data          0x0000000020000114        0x0 /Users/liamg/Documents/gcc-arm-none-eabi-4_8-2013q4/bin/../lib/gcc/arm-none-eabi/4.8.3/../../../../arm-none-eabi/lib/armv7-m/libc_s.a(lib_a-exit.o)
 .data          0x0000000020000114        0x0 /Users/liamg/Documents/gcc-arm-none-eabi-4_8-2013q4/bin/../lib/gcc/arm-none-eabi/4.8.3/../../../../arm-none-eabi/lib/armv7-m/libc_s.a(lib_a-impure.o)
 .data          0x0000000020000114        0x0 /Users/liamg/Documents/gcc-arm-none-eabi-4_8-2013q4/bin/../lib/gcc/arm-none-eabi/4.8.3/../../../../arm-none-eabi/lib/armv7-m/libc_s.a(lib_a-init.o)
 .data          0x0000000020000114        0x0 /Users/liamg/Documents/gcc-arm-none-eabi-4_8-2013q4/bin/../lib/gcc/arm-none-eabi/4.8.3/../../../../arm-none-eabi/lib/armv7-m/libc_s.a(lib_a-memset.o)
 .data          0x0000000020000114        0x0 /Users/liamg/Documents/gcc-arm-none-eabi-4_8-2013q4/bin/../lib/gcc/arm-none-eabi/4.8.3/../../../../arm-none-eabi/lib/armv7-m/librdimon_s.a(rdimon-syscalls.o)
 .data          0x0000000020000114        0x0 /Users/liamg/Documents/gcc-arm-none-eabi-4_8-2013q4/bin/../lib/gcc/arm-none-eabi/4.8.3/../../../../arm-none-eabi/lib/armv7-m/librdimon_s.a(rdimon-_exit.o)
 .data          0x0000000020000114        0x0 /Users/liamg/Documents/gcc-arm-none-eabi-4_8-2013q4/bin/../lib/gcc/arm-none-eabi/4.8.3/../../../../arm-none-eabi/lib/armv7-m/librdimon_s.a(rdimon-_kill.o)
 .data          0x0000000020000114        0x0 Objects/startup.o
 .data          0x0000000020000114        0x0 Objects/Initialize.o
 .data          0x0000000020000114        0x0 Objects/main.o
 .data          0x0000000020000114        0x0 /Users/liamg/Documents/gcc-arm-none-eabi-4_8-2013q4/bin/../lib/gcc/arm-none-eabi/4.8.3/../../../../arm-none-eabi/lib/armv7-m/libg_s.a(lib_a-errno.o)
 .data          0x0000000020000114        0x0 /Users/liamg/Documents/gcc-arm-none-eabi-4_8-2013q4/bin/../lib/gcc/arm-none-eabi/4.8.3/../../../../arm-none-eabi/lib/armv7-m/libg_s.a(lib_a-findfp.o)
 .data          0x0000000020000114        0x0 /Users/liamg/Documents/gcc-arm-none-eabi-4_8-2013q4/bin/../lib/gcc/arm-none-eabi/4.8.3/../../../../arm-none-eabi/lib/armv7-m/libg_s.a(lib_a-fwalk.o)
 .data          0x0000000020000114        0x0 /Users/liamg/Documents/gcc-arm-none-eabi-4_8-2013q4/bin/../lib/gcc/arm-none-eabi/4.8.3/../../../../arm-none-eabi/lib/armv7-m/libg_s.a(lib_a-nano-mallocr.o)
 .data          0x0000000020000114        0x0 /Users/liamg/Documents/gcc-arm-none-eabi-4_8-2013q4/bin/../lib/gcc/arm-none-eabi/4.8.3/../../../../arm-none-eabi/lib/armv7-m/libg_s.a(lib_a-puts.o)
 .data          0x0000000020000114        0x0 /Users/liamg/Documents/gcc-arm-none-eabi-4_8-2013q4/bin/../lib/gcc/arm-none-eabi/4.8.3/../../../../arm-none-eabi/lib/armv7-m/libg_s.a(lib_a-sbrkr.o)
 .data          0x0000000020000114        0x0 /Users/liamg/Documents/gcc-arm-none-eabi-4_8-2013q4/bin/../lib/gcc/arm-none-eabi/4.8.3/../../../../arm-none-eabi/lib/armv7-m/libg_s.a(lib_a-stdio.o)
 .data          0x0000000020000114        0x0 /Users/liamg/Documents/gcc-arm-none-eabi-4_8-2013q4/bin/../lib/gcc/arm-none-eabi/4.8.3/../../../../arm-none-eabi/lib/armv7-m/libg_s.a(lib_a-strlen.o)
 .data          0x0000000020000114        0x0 /Users/liamg/Documents/gcc-arm-none-eabi-4_8-2013q4/bin/../lib/gcc/arm-none-eabi/4.8.3/../../../../arm-none-eabi/lib/armv7-m/libg_s.a(lib_a-wbuf.o)
 .data          0x0000000020000114        0x0 /Users/liamg/Documents/gcc-arm-none-eabi-4_8-2013q4/bin/../lib/gcc/arm-none-eabi/4.8.3/../../../../arm-none-eabi/lib/armv7-m/libg_s.a(lib_a-writer.o)
 .data          0x0000000020000114        0x0 /Users/liamg/Documents/gcc-arm-none-eabi-4_8-2013q4/bin/../lib/gcc/arm-none-eabi/4.8.3/../../../../arm-none-eabi/lib/armv7-m/libg_s.a(lib_a-wsetup.o)
 .data          0x0000000020000114        0x0 /Users/liamg/Documents/gcc-arm-none-eabi-4_8-2013q4/bin/../lib/gcc/arm-none-eabi/4.8.3/../../../../arm-none-eabi/lib/armv7-m/libg_s.a(lib_a-closer.o)
 .data          0x0000000020000114        0x0 /Users/liamg/Documents/gcc-arm-none-eabi-4_8-2013q4/bin/../lib/gcc/arm-none-eabi/4.8.3/../../../../arm-none-eabi/lib/armv7-m/libg_s.a(lib_a-fflush.o)
 .data          0x0000000020000114        0x0 /Users/liamg/Documents/gcc-arm-none-eabi-4_8-2013q4/bin/../lib/gcc/arm-none-eabi/4.8.3/../../../../arm-none-eabi/lib/armv7-m/libg_s.a(lib_a-lseekr.o)
 .data          0x0000000020000114        0x0 /Users/liamg/Documents/gcc-arm-none-eabi-4_8-2013q4/bin/../lib/gcc/arm-none-eabi/4.8.3/../../../../arm-none-eabi/lib/armv7-m/libg_s.a(lib_a-makebuf.o)
 .data          0x0000000020000114        0x0 /Users/liamg/Documents/gcc-arm-none-eabi-4_8-2013q4/bin/../lib/gcc/arm-none-eabi/4.8.3/../../../../arm-none-eabi/lib/armv7-m/libg_s.a(lib_a-nano-freer.o)
 .data          0x0000000020000114        0x0 /Users/liamg/Documents/gcc-arm-none-eabi-4_8-2013q4/bin/../lib/gcc/arm-none-eabi/4.8.3/../../../../arm-none-eabi/lib/armv7-m/libg_s.a(lib_a-readr.o)
 .data          0x0000000020000114        0x0 /Users/liamg/Documents/gcc-arm-none-eabi-4_8-2013q4/bin/../lib/gcc/arm-none-eabi/4.8.3/../../../../arm-none-eabi/lib/armv7-m/libg_s.a(lib_a-reent.o)
 .data          0x0000000020000114        0x0 /Users/liamg/Documents/gcc-arm-none-eabi-4_8-2013q4/bin/../lib/gcc/arm-none-eabi/4.8.3/../../../../arm-none-eabi/lib/armv7-m/libg_s.a(lib_a-fstatr.o)
 .data          0x0000000020000114        0x0 /Users/liamg/Documents/gcc-arm-none-eabi-4_8-2013q4/bin/../lib/gcc/arm-none-eabi/4.8.3/../../../../arm-none-eabi/lib/armv7-m/libg_s.a(lib_a-isattyr.o)
 .data          0x0000000020000114        0x0 /Users/liamg/Documents/gcc-arm-none-eabi-4_8-2013q4/bin/../lib/gcc/arm-none-eabi/4.8.3/armv7-m/crtend.o
 .data          0x0000000020000114        0x0 /Users/liamg/Documents/gcc-arm-none-eabi-4_8-2013q4/bin/../lib/gcc/arm-none-eabi/4.8.3/armv7-m/crtn.o
                0x0000000020000114                __data_end__ = .
                0x0000000000001454                _start_data_flash = LOADADDR (.data)

.init_array     0x0000000020000114        0x4 load address 0x0000000000001568
 .init_array    0x0000000020000114        0x4 /Users/liamg/Documents/gcc-arm-none-eabi-4_8-2013q4/bin/../lib/gcc/arm-none-eabi/4.8.3/armv7-m/crtbegin.o

.fini_array     0x0000000020000118        0x4 load address 0x000000000000156c
 .fini_array    0x0000000020000118        0x4 /Users/liamg/Documents/gcc-arm-none-eabi-4_8-2013q4/bin/../lib/gcc/arm-none-eabi/4.8.3/armv7-m/crtbegin.o

.jcr            0x000000002000011c        0x4 load address 0x0000000000001570
 .jcr           0x000000002000011c        0x0 /Users/liamg/Documents/gcc-arm-none-eabi-4_8-2013q4/bin/../lib/gcc/arm-none-eabi/4.8.3/armv7-m/crtbegin.o
 .jcr           0x000000002000011c        0x4 /Users/liamg/Documents/gcc-arm-none-eabi-4_8-2013q4/bin/../lib/gcc/arm-none-eabi/4.8.3/armv7-m/crtend.o

.igot.plt       0x0000000020000120        0x0 load address 0x0000000000001574
 .igot.plt      0x0000000000000000        0x0 /Users/liamg/Documents/gcc-arm-none-eabi-4_8-2013q4/bin/../lib/gcc/arm-none-eabi/4.8.3/armv7-m/crtbegin.o

.data.impure_data
                0x0000000020000120       0x60 load address 0x0000000000001574
 .data.impure_data
                0x0000000020000120       0x60 /Users/liamg/Documents/gcc-arm-none-eabi-4_8-2013q4/bin/../lib/gcc/arm-none-eabi/4.8.3/../../../../arm-none-eabi/lib/armv7-m/libc_s.a(lib_a-impure.o)

.data._impure_ptr
                0x0000000020000180        0x4 load address 0x00000000000015d4
 .data._impure_ptr
                0x0000000020000180        0x4 /Users/liamg/Documents/gcc-arm-none-eabi-4_8-2013q4/bin/../lib/gcc/arm-none-eabi/4.8.3/../../../../arm-none-eabi/lib/armv7-m/libc_s.a(lib_a-impure.o)
                0x0000000020000180                _impure_ptr
                0x0000000020000184                . = ALIGN (0x4)

.bss            0x0000000020000184       0x20 load address 0x00000000000015d8
                0x0000000020000184                __bss_start__ = .
 *(.bss)
 .bss           0x0000000020000184        0x0 /Users/liamg/Documents/gcc-arm-none-eabi-4_8-2013q4/bin/../lib/gcc/arm-none-eabi/4.8.3/armv7-m/crti.o
 .bss           0x0000000020000184       0x1c /Users/liamg/Documents/gcc-arm-none-eabi-4_8-2013q4/bin/../lib/gcc/arm-none-eabi/4.8.3/armv7-m/crtbegin.o
 .bss           0x00000000200001a0        0x0 /Users/liamg/Documents/gcc-arm-none-eabi-4_8-2013q4/bin/../lib/gcc/arm-none-eabi/4.8.3/../../../../arm-none-eabi/lib/armv7-m/rdimon-crt0.o
 .bss           0x00000000200001a0        0x0 /Users/liamg/Documents/gcc-arm-none-eabi-4_8-2013q4/bin/../lib/gcc/arm-none-eabi/4.8.3/../../../../arm-none-eabi/lib/armv7-m/libc_s.a(lib_a-exit.o)
 .bss           0x00000000200001a0        0x0 /Users/liamg/Documents/gcc-arm-none-eabi-4_8-2013q4/bin/../lib/gcc/arm-none-eabi/4.8.3/../../../../arm-none-eabi/lib/armv7-m/libc_s.a(lib_a-impure.o)
 .bss           0x00000000200001a0        0x0 /Users/liamg/Documents/gcc-arm-none-eabi-4_8-2013q4/bin/../lib/gcc/arm-none-eabi/4.8.3/../../../../arm-none-eabi/lib/armv7-m/libc_s.a(lib_a-init.o)
 .bss           0x00000000200001a0        0x0 /Users/liamg/Documents/gcc-arm-none-eabi-4_8-2013q4/bin/../lib/gcc/arm-none-eabi/4.8.3/../../../../arm-none-eabi/lib/armv7-m/libc_s.a(lib_a-memset.o)
 .bss           0x00000000200001a0        0x0 /Users/liamg/Documents/gcc-arm-none-eabi-4_8-2013q4/bin/../lib/gcc/arm-none-eabi/4.8.3/../../../../arm-none-eabi/lib/armv7-m/librdimon_s.a(rdimon-syscalls.o)
 .bss           0x00000000200001a0        0x0 /Users/liamg/Documents/gcc-arm-none-eabi-4_8-2013q4/bin/../lib/gcc/arm-none-eabi/4.8.3/../../../../arm-none-eabi/lib/armv7-m/librdimon_s.a(rdimon-_exit.o)
 .bss           0x00000000200001a0        0x0 /Users/liamg/Documents/gcc-arm-none-eabi-4_8-2013q4/bin/../lib/gcc/arm-none-eabi/4.8.3/../../../../arm-none-eabi/lib/armv7-m/librdimon_s.a(rdimon-_kill.o)
 .bss           0x00000000200001a0        0x0 Objects/startup.o
 .bss           0x00000000200001a0        0x0 Objects/Initialize.o
 .bss           0x00000000200001a0        0x0 Objects/main.o
 .bss           0x00000000200001a0        0x0 /Users/liamg/Documents/gcc-arm-none-eabi-4_8-2013q4/bin/../lib/gcc/arm-none-eabi/4.8.3/../../../../arm-none-eabi/lib/armv7-m/libg_s.a(lib_a-errno.o)
 .bss           0x00000000200001a0        0x0 /Users/liamg/Documents/gcc-arm-none-eabi-4_8-2013q4/bin/../lib/gcc/arm-none-eabi/4.8.3/../../../../arm-none-eabi/lib/armv7-m/libg_s.a(lib_a-findfp.o)
 .bss           0x00000000200001a0        0x0 /Users/liamg/Documents/gcc-arm-none-eabi-4_8-2013q4/bin/../lib/gcc/arm-none-eabi/4.8.3/../../../../arm-none-eabi/lib/armv7-m/libg_s.a(lib_a-fwalk.o)
 .bss           0x00000000200001a0        0x0 /Users/liamg/Documents/gcc-arm-none-eabi-4_8-2013q4/bin/../lib/gcc/arm-none-eabi/4.8.3/../../../../arm-none-eabi/lib/armv7-m/libg_s.a(lib_a-nano-mallocr.o)
 .bss           0x00000000200001a0        0x0 /Users/liamg/Documents/gcc-arm-none-eabi-4_8-2013q4/bin/../lib/gcc/arm-none-eabi/4.8.3/../../../../arm-none-eabi/lib/armv7-m/libg_s.a(lib_a-puts.o)
 .bss           0x00000000200001a0        0x0 /Users/liamg/Documents/gcc-arm-none-eabi-4_8-2013q4/bin/../lib/gcc/arm-none-eabi/4.8.3/../../../../arm-none-eabi/lib/armv7-m/libg_s.a(lib_a-sbrkr.o)
 .bss           0x00000000200001a0        0x0 /Users/liamg/Documents/gcc-arm-none-eabi-4_8-2013q4/bin/../lib/gcc/arm-none-eabi/4.8.3/../../../../arm-none-eabi/lib/armv7-m/libg_s.a(lib_a-stdio.o)
 .bss           0x00000000200001a0        0x0 /Users/liamg/Documents/gcc-arm-none-eabi-4_8-2013q4/bin/../lib/gcc/arm-none-eabi/4.8.3/../../../../arm-none-eabi/lib/armv7-m/libg_s.a(lib_a-strlen.o)
 .bss           0x00000000200001a0        0x0 /Users/liamg/Documents/gcc-arm-none-eabi-4_8-2013q4/bin/../lib/gcc/arm-none-eabi/4.8.3/../../../../arm-none-eabi/lib/armv7-m/libg_s.a(lib_a-wbuf.o)
 .bss           0x00000000200001a0        0x0 /Users/liamg/Documents/gcc-arm-none-eabi-4_8-2013q4/bin/../lib/gcc/arm-none-eabi/4.8.3/../../../../arm-none-eabi/lib/armv7-m/libg_s.a(lib_a-writer.o)
 .bss           0x00000000200001a0        0x0 /Users/liamg/Documents/gcc-arm-none-eabi-4_8-2013q4/bin/../lib/gcc/arm-none-eabi/4.8.3/../../../../arm-none-eabi/lib/armv7-m/libg_s.a(lib_a-wsetup.o)
 .bss           0x00000000200001a0        0x0 /Users/liamg/Documents/gcc-arm-none-eabi-4_8-2013q4/bin/../lib/gcc/arm-none-eabi/4.8.3/../../../../arm-none-eabi/lib/armv7-m/libg_s.a(lib_a-closer.o)
 .bss           0x00000000200001a0        0x0 /Users/liamg/Documents/gcc-arm-none-eabi-4_8-2013q4/bin/../lib/gcc/arm-none-eabi/4.8.3/../../../../arm-none-eabi/lib/armv7-m/libg_s.a(lib_a-fflush.o)
 .bss           0x00000000200001a0        0x0 /Users/liamg/Documents/gcc-arm-none-eabi-4_8-2013q4/bin/../lib/gcc/arm-none-eabi/4.8.3/../../../../arm-none-eabi/lib/armv7-m/libg_s.a(lib_a-lseekr.o)
 .bss           0x00000000200001a0        0x0 /Users/liamg/Documents/gcc-arm-none-eabi-4_8-2013q4/bin/../lib/gcc/arm-none-eabi/4.8.3/../../../../arm-none-eabi/lib/armv7-m/libg_s.a(lib_a-makebuf.o)
 .bss           0x00000000200001a0        0x0 /Users/liamg/Documents/gcc-arm-none-eabi-4_8-2013q4/bin/../lib/gcc/arm-none-eabi/4.8.3/../../../../arm-none-eabi/lib/armv7-m/libg_s.a(lib_a-nano-freer.o)
 .bss           0x00000000200001a0        0x0 /Users/liamg/Documents/gcc-arm-none-eabi-4_8-2013q4/bin/../lib/gcc/arm-none-eabi/4.8.3/../../../../arm-none-eabi/lib/armv7-m/libg_s.a(lib_a-readr.o)
 .bss           0x00000000200001a0        0x0 /Users/liamg/Documents/gcc-arm-none-eabi-4_8-2013q4/bin/../lib/gcc/arm-none-eabi/4.8.3/../../../../arm-none-eabi/lib/armv7-m/libg_s.a(lib_a-reent.o)
 .bss           0x00000000200001a0        0x0 /Users/liamg/Documents/gcc-arm-none-eabi-4_8-2013q4/bin/../lib/gcc/arm-none-eabi/4.8.3/../../../../arm-none-eabi/lib/armv7-m/libg_s.a(lib_a-fstatr.o)
 .bss           0x00000000200001a0        0x0 /Users/liamg/Documents/gcc-arm-none-eabi-4_8-2013q4/bin/../lib/gcc/arm-none-eabi/4.8.3/../../../../arm-none-eabi/lib/armv7-m/libg_s.a(lib_a-isattyr.o)
 .bss           0x00000000200001a0        0x0 /Users/liamg/Documents/gcc-arm-none-eabi-4_8-2013q4/bin/../lib/gcc/arm-none-eabi/4.8.3/armv7-m/crtend.o
 .bss           0x00000000200001a0        0x0 /Users/liamg/Documents/gcc-arm-none-eabi-4_8-2013q4/bin/../lib/gcc/arm-none-eabi/4.8.3/armv7-m/crtn.o
                0x00000000200001a0                __bss_end__ = .
 COMMON         0x00000000200001a0        0x4 /Users/liamg/Documents/gcc-arm-none-eabi-4_8-2013q4/bin/../lib/gcc/arm-none-eabi/4.8.3/../../../../arm-none-eabi/lib/armv7-m/libg_s.a(lib_a-reent.o)
                0x00000000200001a0                errno
                0x00000000200001a4                . = ALIGN (0x4)
                0x00000000200001a4                __stack_start__ = .
                0x0000000020001ffc                __stack_end__ = ORIGIN (STACK)
                0x00000000200001a4                __end__ = .
                0x00000000200001a4                PROVIDE (end, .)
OUTPUT(STM32F100.elf elf32-littlearm)

.bss.monitor_stdout
                0x00000000200001a4        0x4 load address 0x00000000000015d8
 .bss.monitor_stdout
                0x00000000200001a4        0x4 /Users/liamg/Documents/gcc-arm-none-eabi-4_8-2013q4/bin/../lib/gcc/arm-none-eabi/4.8.3/../../../../arm-none-eabi/lib/armv7-m/librdimon_s.a(rdimon-syscalls.o)

.bss.monitor_stdin
                0x00000000200001a8        0x4 load address 0x00000000000015d8
 .bss.monitor_stdin
                0x00000000200001a8        0x4 /Users/liamg/Documents/gcc-arm-none-eabi-4_8-2013q4/bin/../lib/gcc/arm-none-eabi/4.8.3/../../../../arm-none-eabi/lib/armv7-m/librdimon_s.a(rdimon-syscalls.o)

.bss.monitor_stderr
                0x00000000200001ac        0x4 load address 0x00000000000015d8
 .bss.monitor_stderr
                0x00000000200001ac        0x4 /Users/liamg/Documents/gcc-arm-none-eabi-4_8-2013q4/bin/../lib/gcc/arm-none-eabi/4.8.3/../../../../arm-none-eabi/lib/armv7-m/librdimon_s.a(rdimon-syscalls.o)

.bss.heap_end.5794
                0x00000000200001b0        0x4 load address 0x00000000000015d8
 .bss.heap_end.5794
                0x00000000200001b0        0x4 /Users/liamg/Documents/gcc-arm-none-eabi-4_8-2013q4/bin/../lib/gcc/arm-none-eabi/4.8.3/../../../../arm-none-eabi/lib/armv7-m/librdimon_s.a(rdimon-syscalls.o)

.bss.openfiles  0x00000000200001b4       0xa0 load address 0x00000000000015d8
 .bss.openfiles
                0x00000000200001b4       0xa0 /Users/liamg/Documents/gcc-arm-none-eabi-4_8-2013q4/bin/../lib/gcc/arm-none-eabi/4.8.3/../../../../arm-none-eabi/lib/armv7-m/librdimon_s.a(rdimon-syscalls.o)

.bss.__malloc_sbrk_start
                0x0000000020000254        0x4 load address 0x00000000000015d8
 .bss.__malloc_sbrk_start
                0x0000000020000254        0x4 /Users/liamg/Documents/gcc-arm-none-eabi-4_8-2013q4/bin/../lib/gcc/arm-none-eabi/4.8.3/../../../../arm-none-eabi/lib/armv7-m/libg_s.a(lib_a-nano-mallocr.o)
                0x0000000020000254                __malloc_sbrk_start

.bss.__malloc_free_list
                0x0000000020000258        0x4 load address 0x00000000000015d8
 .bss.__malloc_free_list
                0x0000000020000258        0x4 /Users/liamg/Documents/gcc-arm-none-eabi-4_8-2013q4/bin/../lib/gcc/arm-none-eabi/4.8.3/../../../../arm-none-eabi/lib/armv7-m/libg_s.a(lib_a-nano-mallocr.o)
                0x0000000020000258                __malloc_free_list

.ARM.attributes
                0x0000000000000000       0x29
 .ARM.attributes
                0x0000000000000000       0x1d /Users/liamg/Documents/gcc-arm-none-eabi-4_8-2013q4/bin/../lib/gcc/arm-none-eabi/4.8.3/armv7-m/crti.o
 .ARM.attributes
                0x000000000000001d       0x2d /Users/liamg/Documents/gcc-arm-none-eabi-4_8-2013q4/bin/../lib/gcc/arm-none-eabi/4.8.3/armv7-m/crtbegin.o
 .ARM.attributes
                0x000000000000004a       0x1b /Users/liamg/Documents/gcc-arm-none-eabi-4_8-2013q4/bin/../lib/gcc/arm-none-eabi/4.8.3/../../../../arm-none-eabi/lib/armv7-m/rdimon-crt0.o
 .ARM.attributes
                0x0000000000000065       0x2d /Users/liamg/Documents/gcc-arm-none-eabi-4_8-2013q4/bin/../lib/gcc/arm-none-eabi/4.8.3/../../../../arm-none-eabi/lib/armv7-m/libc_s.a(lib_a-exit.o)
 .ARM.attributes
                0x0000000000000092       0x2d /Users/liamg/Documents/gcc-arm-none-eabi-4_8-2013q4/bin/../lib/gcc/arm-none-eabi/4.8.3/../../../../arm-none-eabi/lib/armv7-m/libc_s.a(lib_a-impure.o)
 .ARM.attributes
                0x00000000000000bf       0x2d /Users/liamg/Documents/gcc-arm-none-eabi-4_8-2013q4/bin/../lib/gcc/arm-none-eabi/4.8.3/../../../../arm-none-eabi/lib/armv7-m/libc_s.a(lib_a-init.o)
 .ARM.attributes
                0x00000000000000ec       0x2d /Users/liamg/Documents/gcc-arm-none-eabi-4_8-2013q4/bin/../lib/gcc/arm-none-eabi/4.8.3/../../../../arm-none-eabi/lib/armv7-m/libc_s.a(lib_a-memset.o)
 .ARM.attributes
                0x0000000000000119       0x2d /Users/liamg/Documents/gcc-arm-none-eabi-4_8-2013q4/bin/../lib/gcc/arm-none-eabi/4.8.3/../../../../arm-none-eabi/lib/armv7-m/librdimon_s.a(rdimon-syscalls.o)
 .ARM.attributes
                0x0000000000000146       0x2d /Users/liamg/Documents/gcc-arm-none-eabi-4_8-2013q4/bin/../lib/gcc/arm-none-eabi/4.8.3/../../../../arm-none-eabi/lib/armv7-m/librdimon_s.a(rdimon-_exit.o)
 .ARM.attributes
                0x0000000000000173       0x2d /Users/liamg/Documents/gcc-arm-none-eabi-4_8-2013q4/bin/../lib/gcc/arm-none-eabi/4.8.3/../../../../arm-none-eabi/lib/armv7-m/librdimon_s.a(rdimon-_kill.o)
 .ARM.attributes
                0x00000000000001a0       0x21 Objects/startup.o
 .ARM.attributes
                0x00000000000001c1       0x33 Objects/Initialize.o
 .ARM.attributes
                0x00000000000001f4       0x33 Objects/main.o
 .ARM.attributes
                0x0000000000000227       0x2d /Users/liamg/Documents/gcc-arm-none-eabi-4_8-2013q4/bin/../lib/gcc/arm-none-eabi/4.8.3/../../../../arm-none-eabi/lib/armv7-m/libg_s.a(lib_a-errno.o)
 .ARM.attributes
                0x0000000000000254       0x2d /Users/liamg/Documents/gcc-arm-none-eabi-4_8-2013q4/bin/../lib/gcc/arm-none-eabi/4.8.3/../../../../arm-none-eabi/lib/armv7-m/libg_s.a(lib_a-findfp.o)
 .ARM.attributes
                0x0000000000000281       0x2d /Users/liamg/Documents/gcc-arm-none-eabi-4_8-2013q4/bin/../lib/gcc/arm-none-eabi/4.8.3/../../../../arm-none-eabi/lib/armv7-m/libg_s.a(lib_a-fwalk.o)
 .ARM.attributes
                0x00000000000002ae       0x2d /Users/liamg/Documents/gcc-arm-none-eabi-4_8-2013q4/bin/../lib/gcc/arm-none-eabi/4.8.3/../../../../arm-none-eabi/lib/armv7-m/libg_s.a(lib_a-nano-mallocr.o)
 .ARM.attributes
                0x00000000000002db       0x2d /Users/liamg/Documents/gcc-arm-none-eabi-4_8-2013q4/bin/../lib/gcc/arm-none-eabi/4.8.3/../../../../arm-none-eabi/lib/armv7-m/libg_s.a(lib_a-puts.o)
 .ARM.attributes
                0x0000000000000308       0x2d /Users/liamg/Documents/gcc-arm-none-eabi-4_8-2013q4/bin/../lib/gcc/arm-none-eabi/4.8.3/../../../../arm-none-eabi/lib/armv7-m/libg_s.a(lib_a-sbrkr.o)
 .ARM.attributes
                0x0000000000000335       0x2d /Users/liamg/Documents/gcc-arm-none-eabi-4_8-2013q4/bin/../lib/gcc/arm-none-eabi/4.8.3/../../../../arm-none-eabi/lib/armv7-m/libg_s.a(lib_a-stdio.o)
 .ARM.attributes
                0x0000000000000362       0x2d /Users/liamg/Documents/gcc-arm-none-eabi-4_8-2013q4/bin/../lib/gcc/arm-none-eabi/4.8.3/../../../../arm-none-eabi/lib/armv7-m/libg_s.a(lib_a-strlen.o)
 .ARM.attributes
                0x000000000000038f       0x2d /Users/liamg/Documents/gcc-arm-none-eabi-4_8-2013q4/bin/../lib/gcc/arm-none-eabi/4.8.3/../../../../arm-none-eabi/lib/armv7-m/libg_s.a(lib_a-wbuf.o)
 .ARM.attributes
                0x00000000000003bc       0x2d /Users/liamg/Documents/gcc-arm-none-eabi-4_8-2013q4/bin/../lib/gcc/arm-none-eabi/4.8.3/../../../../arm-none-eabi/lib/armv7-m/libg_s.a(lib_a-writer.o)
 .ARM.attributes
                0x00000000000003e9       0x2d /Users/liamg/Documents/gcc-arm-none-eabi-4_8-2013q4/bin/../lib/gcc/arm-none-eabi/4.8.3/../../../../arm-none-eabi/lib/armv7-m/libg_s.a(lib_a-wsetup.o)
 .ARM.attributes
                0x0000000000000416       0x2d /Users/liamg/Documents/gcc-arm-none-eabi-4_8-2013q4/bin/../lib/gcc/arm-none-eabi/4.8.3/../../../../arm-none-eabi/lib/armv7-m/libg_s.a(lib_a-closer.o)
 .ARM.attributes
                0x0000000000000443       0x2d /Users/liamg/Documents/gcc-arm-none-eabi-4_8-2013q4/bin/../lib/gcc/arm-none-eabi/4.8.3/../../../../arm-none-eabi/lib/armv7-m/libg_s.a(lib_a-fflush.o)
 .ARM.attributes
                0x0000000000000470       0x2d /Users/liamg/Documents/gcc-arm-none-eabi-4_8-2013q4/bin/../lib/gcc/arm-none-eabi/4.8.3/../../../../arm-none-eabi/lib/armv7-m/libg_s.a(lib_a-lseekr.o)
 .ARM.attributes
                0x000000000000049d       0x2d /Users/liamg/Documents/gcc-arm-none-eabi-4_8-2013q4/bin/../lib/gcc/arm-none-eabi/4.8.3/../../../../arm-none-eabi/lib/armv7-m/libg_s.a(lib_a-makebuf.o)
 .ARM.attributes
                0x00000000000004ca       0x2d /Users/liamg/Documents/gcc-arm-none-eabi-4_8-2013q4/bin/../lib/gcc/arm-none-eabi/4.8.3/../../../../arm-none-eabi/lib/armv7-m/libg_s.a(lib_a-nano-freer.o)
 .ARM.attributes
                0x00000000000004f7       0x2d /Users/liamg/Documents/gcc-arm-none-eabi-4_8-2013q4/bin/../lib/gcc/arm-none-eabi/4.8.3/../../../../arm-none-eabi/lib/armv7-m/libg_s.a(lib_a-readr.o)
 .ARM.attributes
                0x0000000000000524       0x2d /Users/liamg/Documents/gcc-arm-none-eabi-4_8-2013q4/bin/../lib/gcc/arm-none-eabi/4.8.3/../../../../arm-none-eabi/lib/armv7-m/libg_s.a(lib_a-reent.o)
 .ARM.attributes
                0x0000000000000551       0x2d /Users/liamg/Documents/gcc-arm-none-eabi-4_8-2013q4/bin/../lib/gcc/arm-none-eabi/4.8.3/../../../../arm-none-eabi/lib/armv7-m/libg_s.a(lib_a-fstatr.o)
 .ARM.attributes
                0x000000000000057e       0x2d /Users/liamg/Documents/gcc-arm-none-eabi-4_8-2013q4/bin/../lib/gcc/arm-none-eabi/4.8.3/../../../../arm-none-eabi/lib/armv7-m/libg_s.a(lib_a-isattyr.o)
 .ARM.attributes
                0x00000000000005ab       0x2d /Users/liamg/Documents/gcc-arm-none-eabi-4_8-2013q4/bin/../lib/gcc/arm-none-eabi/4.8.3/armv7-m/crtend.o
 .ARM.attributes
                0x00000000000005d8       0x1d /Users/liamg/Documents/gcc-arm-none-eabi-4_8-2013q4/bin/../lib/gcc/arm-none-eabi/4.8.3/armv7-m/crtn.o

.comment        0x0000000000000000       0x70
 .comment       0x0000000000000000       0x70 Objects/Initialize.o
                                         0x71 (size before relaxing)
 .comment       0x0000000000000000       0x71 Objects/main.o

.debug_frame    0x0000000000000000      0x958
 .debug_frame   0x0000000000000000       0x28 /Users/liamg/Documents/gcc-arm-none-eabi-4_8-2013q4/bin/../lib/gcc/arm-none-eabi/4.8.3/../../../../arm-none-eabi/lib/armv7-m/libc_s.a(lib_a-exit.o)
 .debug_frame   0x0000000000000028       0x2c /Users/liamg/Documents/gcc-arm-none-eabi-4_8-2013q4/bin/../lib/gcc/arm-none-eabi/4.8.3/../../../../arm-none-eabi/lib/armv7-m/libc_s.a(lib_a-init.o)
 .debug_frame   0x0000000000000054       0x20 /Users/liamg/Documents/gcc-arm-none-eabi-4_8-2013q4/bin/../lib/gcc/arm-none-eabi/4.8.3/../../../../arm-none-eabi/lib/armv7-m/libc_s.a(lib_a-memset.o)
 .debug_frame   0x0000000000000074      0x304 /Users/liamg/Documents/gcc-arm-none-eabi-4_8-2013q4/bin/../lib/gcc/arm-none-eabi/4.8.3/../../../../arm-none-eabi/lib/armv7-m/librdimon_s.a(rdimon-syscalls.o)
 .debug_frame   0x0000000000000378       0x20 /Users/liamg/Documents/gcc-arm-none-eabi-4_8-2013q4/bin/../lib/gcc/arm-none-eabi/4.8.3/../../../../arm-none-eabi/lib/armv7-m/librdimon_s.a(rdimon-_exit.o)
 .debug_frame   0x0000000000000398       0x2c /Users/liamg/Documents/gcc-arm-none-eabi-4_8-2013q4/bin/../lib/gcc/arm-none-eabi/4.8.3/../../../../arm-none-eabi/lib/armv7-m/librdimon_s.a(rdimon-_kill.o)
 .debug_frame   0x00000000000003c4       0x24 Objects/Initialize.o
 .debug_frame   0x00000000000003e8       0x2c Objects/main.o
 .debug_frame   0x0000000000000414       0x20 /Users/liamg/Documents/gcc-arm-none-eabi-4_8-2013q4/bin/../lib/gcc/arm-none-eabi/4.8.3/../../../../arm-none-eabi/lib/armv7-m/libg_s.a(lib_a-errno.o)
 .debug_frame   0x0000000000000434      0x12c /Users/liamg/Documents/gcc-arm-none-eabi-4_8-2013q4/bin/../lib/gcc/arm-none-eabi/4.8.3/../../../../arm-none-eabi/lib/armv7-m/libg_s.a(lib_a-findfp.o)
 .debug_frame   0x0000000000000560       0x54 /Users/liamg/Documents/gcc-arm-none-eabi-4_8-2013q4/bin/../lib/gcc/arm-none-eabi/4.8.3/../../../../arm-none-eabi/lib/armv7-m/libg_s.a(lib_a-fwalk.o)
 .debug_frame   0x00000000000005b4       0x2c /Users/liamg/Documents/gcc-arm-none-eabi-4_8-2013q4/bin/../lib/gcc/arm-none-eabi/4.8.3/../../../../arm-none-eabi/lib/armv7-m/libg_s.a(lib_a-nano-mallocr.o)
 .debug_frame   0x00000000000005e0       0x3c /Users/liamg/Documents/gcc-arm-none-eabi-4_8-2013q4/bin/../lib/gcc/arm-none-eabi/4.8.3/../../../../arm-none-eabi/lib/armv7-m/libg_s.a(lib_a-puts.o)
 .debug_frame   0x000000000000061c       0x2c /Users/liamg/Documents/gcc-arm-none-eabi-4_8-2013q4/bin/../lib/gcc/arm-none-eabi/4.8.3/../../../../arm-none-eabi/lib/armv7-m/libg_s.a(lib_a-sbrkr.o)
 .debug_frame   0x0000000000000648       0x80 /Users/liamg/Documents/gcc-arm-none-eabi-4_8-2013q4/bin/../lib/gcc/arm-none-eabi/4.8.3/../../../../arm-none-eabi/lib/armv7-m/libg_s.a(lib_a-stdio.o)
 .debug_frame   0x00000000000006c8       0x20 /Users/liamg/Documents/gcc-arm-none-eabi-4_8-2013q4/bin/../lib/gcc/arm-none-eabi/4.8.3/../../../../arm-none-eabi/lib/armv7-m/libg_s.a(lib_a-strlen.o)
 .debug_frame   0x00000000000006e8       0x3c /Users/liamg/Documents/gcc-arm-none-eabi-4_8-2013q4/bin/../lib/gcc/arm-none-eabi/4.8.3/../../../../arm-none-eabi/lib/armv7-m/libg_s.a(lib_a-wbuf.o)
 .debug_frame   0x0000000000000724       0x2c /Users/liamg/Documents/gcc-arm-none-eabi-4_8-2013q4/bin/../lib/gcc/arm-none-eabi/4.8.3/../../../../arm-none-eabi/lib/armv7-m/libg_s.a(lib_a-writer.o)
 .debug_frame   0x0000000000000750       0x2c /Users/liamg/Documents/gcc-arm-none-eabi-4_8-2013q4/bin/../lib/gcc/arm-none-eabi/4.8.3/../../../../arm-none-eabi/lib/armv7-m/libg_s.a(lib_a-wsetup.o)
 .debug_frame   0x000000000000077c       0x2c /Users/liamg/Documents/gcc-arm-none-eabi-4_8-2013q4/bin/../lib/gcc/arm-none-eabi/4.8.3/../../../../arm-none-eabi/lib/armv7-m/libg_s.a(lib_a-closer.o)
 .debug_frame   0x00000000000007a8       0x5c /Users/liamg/Documents/gcc-arm-none-eabi-4_8-2013q4/bin/../lib/gcc/arm-none-eabi/4.8.3/../../../../arm-none-eabi/lib/armv7-m/libg_s.a(lib_a-fflush.o)
 .debug_frame   0x0000000000000804       0x2c /Users/liamg/Documents/gcc-arm-none-eabi-4_8-2013q4/bin/../lib/gcc/arm-none-eabi/4.8.3/../../../../arm-none-eabi/lib/armv7-m/libg_s.a(lib_a-lseekr.o)
 .debug_frame   0x0000000000000830       0x30 /Users/liamg/Documents/gcc-arm-none-eabi-4_8-2013q4/bin/../lib/gcc/arm-none-eabi/4.8.3/../../../../arm-none-eabi/lib/armv7-m/libg_s.a(lib_a-makebuf.o)
 .debug_frame   0x0000000000000860       0x2c /Users/liamg/Documents/gcc-arm-none-eabi-4_8-2013q4/bin/../lib/gcc/arm-none-eabi/4.8.3/../../../../arm-none-eabi/lib/armv7-m/libg_s.a(lib_a-nano-freer.o)
 .debug_frame   0x000000000000088c       0x2c /Users/liamg/Documents/gcc-arm-none-eabi-4_8-2013q4/bin/../lib/gcc/arm-none-eabi/4.8.3/../../../../arm-none-eabi/lib/armv7-m/libg_s.a(lib_a-readr.o)
 .debug_frame   0x00000000000008b8       0x48 /Users/liamg/Documents/gcc-arm-none-eabi-4_8-2013q4/bin/../lib/gcc/arm-none-eabi/4.8.3/../../../../arm-none-eabi/lib/armv7-m/libg_s.a(lib_a-reent.o)
 .debug_frame   0x0000000000000900       0x2c /Users/liamg/Documents/gcc-arm-none-eabi-4_8-2013q4/bin/../lib/gcc/arm-none-eabi/4.8.3/../../../../arm-none-eabi/lib/armv7-m/libg_s.a(lib_a-fstatr.o)
 .debug_frame   0x000000000000092c       0x2c /Users/liamg/Documents/gcc-arm-none-eabi-4_8-2013q4/bin/../lib/gcc/arm-none-eabi/4.8.3/../../../../arm-none-eabi/lib/armv7-m/libg_s.a(lib_a-isattyr.o)

.debug_info     0x0000000000000000      0x144
 .debug_info    0x0000000000000000       0x61 Objects/Initialize.o
 .debug_info    0x0000000000000061       0xe3 Objects/main.o

.debug_abbrev   0x0000000000000000      0x108
 .debug_abbrev  0x0000000000000000       0x5c Objects/Initialize.o
 .debug_abbrev  0x000000000000005c       0xac Objects/main.o

.debug_aranges  0x0000000000000000       0x40
 .debug_aranges
                0x0000000000000000       0x20 Objects/Initialize.o
 .debug_aranges
                0x0000000000000020       0x20 Objects/main.o

.debug_line     0x0000000000000000       0xe3
 .debug_line    0x0000000000000000       0x69 Objects/Initialize.o
 .debug_line    0x0000000000000069       0x7a Objects/main.o

.debug_str      0x0000000000000000      0x157
 .debug_str     0x0000000000000000       0xdb Objects/Initialize.o
                                         0xe8 (size before relaxing)
 .debug_str     0x00000000000000db       0x7c Objects/main.o
                                        0x16b (size before relaxing)

.debug_ranges   0x0000000000000000       0x10
 .debug_ranges  0x0000000000000000       0x10 Objects/main.o
